MY_NRF24.c:57:6:NRF24_csn.part.0	8	static
MY_NRF24.c:49:6:NRF24_DelayMicroSeconds	0	static
MY_NRF24.c:57:6:NRF24_csn	8	static
MY_NRF24.c:63:6:NRF24_ce	8	static
MY_NRF24.c:69:9:NRF24_read_register	16	static
MY_NRF24.c:86:6:NRF24_read_registerN	24	static
MY_NRF24.c:101:6:NRF24_write_register	24	static
MY_NRF24.c:114:6:NRF24_write_registerN	24	static
MY_NRF24.c:127:6:NRF24_write_payload	24	static
MY_NRF24.c:140:6:NRF24_read_payload	24	static
MY_NRF24.c:154:6:NRF24_flush_tx	8	static
MY_NRF24.c:159:6:NRF24_flush_rx	8	static
MY_NRF24.c:164:9:NRF24_get_status	8	static
MY_NRF24.c:245:6:NRF24_startListening	8	static
MY_NRF24.c:262:6:NRF24_stopListening	8	static
MY_NRF24.c:319:6:NRF24_openWritingPipe	16	static
MY_NRF24.c:328:6:NRF24_openReadingPipe	16	static
MY_NRF24.c:352:6:NRF24_setRetries	8	static
MY_NRF24.c:358:6:NRF24_setChannel	8	static
MY_NRF24.c:364:6:NRF24_setPayloadSize	0	static
MY_NRF24.c:370:9:NRF24_getPayloadSize	0	static
MY_NRF24.c:375:9:NRF24_getDynamicPayloadSize	8	static
MY_NRF24.c:310:6:NRF24_read	8	static
MY_NRF24.c:407:6:NRF24_disableDynamicPayloads	8	static
MY_NRF24.c:415:6:NRF24_isNRF_Plus	0	static
MY_NRF24.c:420:6:NRF24_setAutoAck	8	static
MY_NRF24.c:428:6:NRF24_setAutoAckPipe	16	static
MY_NRF24.c:445:6:NRF24_setPALevel	8	static
MY_NRF24.c:476:15:NRF24_getPALevel	8	static
MY_NRF24.c:502:6:NRF24_setDataRate	16	static
MY_NRF24.c:547:17:NRF24_getDataRate	8	static
MY_NRF24.c:572:6:NRF24_setCRCLength	8	static
MY_NRF24.c:593:18:NRF24_getCRCLength	8	static
MY_NRF24.c:609:6:NRF24_disableCRC	8	static
MY_NRF24.c:615:6:NRF24_powerUp	8	static
MY_NRF24.c:620:6:NRF24_powerDown	8	static
MY_NRF24.c:625:6:NRF24_availablePipe	16	static
MY_NRF24.c:305:6:NRF24_available	8	static
MY_NRF24.c:649:6:NRF24_startWrite	16	static
MY_NRF24.c:666:6:NRF24_writeAckPayload	16	static
MY_NRF24.c:677:6:NRF24_isAckPayloadAvailable	0	static
MY_NRF24.c:684:6:NRF24_whatHappened	24	static
MY_NRF24.c:695:6:NRF24_testCarrier	8	static
MY_NRF24.c:700:6:NRF24_testRPD	8	static
MY_NRF24.c:706:6:NRF24_resetStatus	8	static
MY_NRF24.c:269:6:NRF24_write	24	static
MY_NRF24.c:712:6:NRF24_ACTIVATE_cmd	16	static
MY_NRF24.c:172:6:NRF24_begin	24	static
MY_NRF24.c:380:6:NRF24_enableAckPayload	8	static
MY_NRF24.c:393:6:NRF24_enableDynamicPayloads	8	static
MY_NRF24.c:723:9:NRF24_GetAckPayloadSize	0	static
MY_NRF24.c:855:6:printStatusReg	136	static
MY_NRF24.c:871:6:printConfigReg	112	static
MY_NRF24.c:894:6:printFIFOstatus	128	static
