Archive member included to satisfy reference by file (symbol)

/Applications/Ac6/SystemWorkbench.app/Contents/Eclipse/plugins/fr.ac6.mcu.externaltools.arm-none.macos64_1.17.0.201812190825/tools/compiler/bin/../lib/gcc/arm-none-eabi/7.3.1/thumb/v7e-m/libgcc.a(_aeabi_uldivmod.o)
                              Drivers/STM32F4xx_HAL_Driver/Src/stm32f4xx_hal_rcc.o (__aeabi_uldivmod)
/Applications/Ac6/SystemWorkbench.app/Contents/Eclipse/plugins/fr.ac6.mcu.externaltools.arm-none.macos64_1.17.0.201812190825/tools/compiler/bin/../lib/gcc/arm-none-eabi/7.3.1/thumb/v7e-m/libgcc.a(_udivmoddi4.o)
                              /Applications/Ac6/SystemWorkbench.app/Contents/Eclipse/plugins/fr.ac6.mcu.externaltools.arm-none.macos64_1.17.0.201812190825/tools/compiler/bin/../lib/gcc/arm-none-eabi/7.3.1/thumb/v7e-m/libgcc.a(_aeabi_uldivmod.o) (__udivmoddi4)
/Applications/Ac6/SystemWorkbench.app/Contents/Eclipse/plugins/fr.ac6.mcu.externaltools.arm-none.macos64_1.17.0.201812190825/tools/compiler/bin/../lib/gcc/arm-none-eabi/7.3.1/thumb/v7e-m/libgcc.a(_dvmd_tls.o)
                              /Applications/Ac6/SystemWorkbench.app/Contents/Eclipse/plugins/fr.ac6.mcu.externaltools.arm-none.macos64_1.17.0.201812190825/tools/compiler/bin/../lib/gcc/arm-none-eabi/7.3.1/thumb/v7e-m/libgcc.a(_aeabi_uldivmod.o) (__aeabi_ldiv0)
/Applications/Ac6/SystemWorkbench.app/Contents/Eclipse/plugins/fr.ac6.mcu.externaltools.arm-none.macos64_1.17.0.201812190825/tools/compiler/bin/../lib/gcc/arm-none-eabi/7.3.1/../../../../arm-none-eabi/lib/thumb/v7e-m/libc_nano.a(lib_a-errno.o)
                              Src/syscalls.o (__errno)
/Applications/Ac6/SystemWorkbench.app/Contents/Eclipse/plugins/fr.ac6.mcu.externaltools.arm-none.macos64_1.17.0.201812190825/tools/compiler/bin/../lib/gcc/arm-none-eabi/7.3.1/../../../../arm-none-eabi/lib/thumb/v7e-m/libc_nano.a(lib_a-exit.o)
                              /Applications/Ac6/SystemWorkbench.app/Contents/Eclipse/plugins/fr.ac6.mcu.externaltools.arm-none.macos64_1.17.0.201812190825/tools/compiler/bin/../lib/gcc/arm-none-eabi/7.3.1/../../../../arm-none-eabi/lib/thumb/v7e-m/crt0.o (exit)
/Applications/Ac6/SystemWorkbench.app/Contents/Eclipse/plugins/fr.ac6.mcu.externaltools.arm-none.macos64_1.17.0.201812190825/tools/compiler/bin/../lib/gcc/arm-none-eabi/7.3.1/../../../../arm-none-eabi/lib/thumb/v7e-m/libc_nano.a(lib_a-impure.o)
                              /Applications/Ac6/SystemWorkbench.app/Contents/Eclipse/plugins/fr.ac6.mcu.externaltools.arm-none.macos64_1.17.0.201812190825/tools/compiler/bin/../lib/gcc/arm-none-eabi/7.3.1/../../../../arm-none-eabi/lib/thumb/v7e-m/libc_nano.a(lib_a-exit.o) (_global_impure_ptr)
/Applications/Ac6/SystemWorkbench.app/Contents/Eclipse/plugins/fr.ac6.mcu.externaltools.arm-none.macos64_1.17.0.201812190825/tools/compiler/bin/../lib/gcc/arm-none-eabi/7.3.1/../../../../arm-none-eabi/lib/thumb/v7e-m/libc_nano.a(lib_a-init.o)
                              /Applications/Ac6/SystemWorkbench.app/Contents/Eclipse/plugins/fr.ac6.mcu.externaltools.arm-none.macos64_1.17.0.201812190825/tools/compiler/bin/../lib/gcc/arm-none-eabi/7.3.1/../../../../arm-none-eabi/lib/thumb/v7e-m/crt0.o (__libc_init_array)
/Applications/Ac6/SystemWorkbench.app/Contents/Eclipse/plugins/fr.ac6.mcu.externaltools.arm-none.macos64_1.17.0.201812190825/tools/compiler/bin/../lib/gcc/arm-none-eabi/7.3.1/../../../../arm-none-eabi/lib/thumb/v7e-m/libc_nano.a(lib_a-malloc.o)
                              Middlewares/ST/STM32_USB_Device_Library/Class/HID/Src/usbd_hid.o (malloc)
/Applications/Ac6/SystemWorkbench.app/Contents/Eclipse/plugins/fr.ac6.mcu.externaltools.arm-none.macos64_1.17.0.201812190825/tools/compiler/bin/../lib/gcc/arm-none-eabi/7.3.1/../../../../arm-none-eabi/lib/thumb/v7e-m/libc_nano.a(lib_a-memcpy-stub.o)
                              Src/MY_NRF24.o (memcpy)
/Applications/Ac6/SystemWorkbench.app/Contents/Eclipse/plugins/fr.ac6.mcu.externaltools.arm-none.macos64_1.17.0.201812190825/tools/compiler/bin/../lib/gcc/arm-none-eabi/7.3.1/../../../../arm-none-eabi/lib/thumb/v7e-m/libc_nano.a(lib_a-memset.o)
                              /Applications/Ac6/SystemWorkbench.app/Contents/Eclipse/plugins/fr.ac6.mcu.externaltools.arm-none.macos64_1.17.0.201812190825/tools/compiler/bin/../lib/gcc/arm-none-eabi/7.3.1/../../../../arm-none-eabi/lib/thumb/v7e-m/crt0.o (memset)
/Applications/Ac6/SystemWorkbench.app/Contents/Eclipse/plugins/fr.ac6.mcu.externaltools.arm-none.macos64_1.17.0.201812190825/tools/compiler/bin/../lib/gcc/arm-none-eabi/7.3.1/../../../../arm-none-eabi/lib/thumb/v7e-m/libc_nano.a(lib_a-nano-freer.o)
                              /Applications/Ac6/SystemWorkbench.app/Contents/Eclipse/plugins/fr.ac6.mcu.externaltools.arm-none.macos64_1.17.0.201812190825/tools/compiler/bin/../lib/gcc/arm-none-eabi/7.3.1/../../../../arm-none-eabi/lib/thumb/v7e-m/libc_nano.a(lib_a-malloc.o) (_free_r)
[...]
Memory Configuration

Name             Origin             Length             Attributes
RAM              0x0000000020000000 0x0000000000020000 xrw
FLASH            0x0000000008000000 0x0000000000080000 xr
*default*        0x0000000000000000 0xffffffffffffffff

Linker script and memory map

LOAD /Applications/Ac6/SystemWorkbench.app/Contents/Eclipse/plugins/fr.ac6.mcu.externaltools.arm-none.macos64_1.17.0.201812190825/tools/compiler/bin/../lib/gcc/arm-none-eabi/7.3.1/thumb/v7e-m/crti.o
LOAD /Applications/Ac6/SystemWorkbench.app/Contents/Eclipse/plugins/fr.ac6.mcu.externaltools.arm-none.macos64_1.17.0.201812190825/tools/compiler/bin/../lib/gcc/arm-none-eabi/7.3.1/thumb/v7e-m/crtbegin.o
LOAD /Applications/Ac6/SystemWorkbench.app/Contents/Eclipse/plugins/fr.ac6.mcu.externaltools.arm-none.macos64_1.17.0.201812190825/tools/compiler/bin/../lib/gcc/arm-none-eabi/7.3.1/../../../../arm-none-eabi/lib/thumb/v7e-m/crt0.o
LOAD Drivers/STM32F4xx_HAL_Driver/Src/stm32f4xx_hal.o
LOAD Drivers/STM32F4xx_HAL_Driver/Src/stm32f4xx_hal_cortex.o
LOAD Drivers/STM32F4xx_HAL_Driver/Src/stm32f4xx_hal_dma.o
LOAD Drivers/STM32F4xx_HAL_Driver/Src/stm32f4xx_hal_dma_ex.o
LOAD Drivers/STM32F4xx_HAL_Driver/Src/stm32f4xx_hal_exti.o
LOAD Drivers/STM32F4xx_HAL_Driver/Src/stm32f4xx_hal_flash.o
LOAD Drivers/STM32F4xx_HAL_Driver/Src/stm32f4xx_hal_flash_ex.o
LOAD Drivers/STM32F4xx_HAL_Driver/Src/stm32f4xx_hal_flash_ramfunc.o
LOAD Drivers/STM32F4xx_HAL_Driver/Src/stm32f4xx_hal_gpio.o
LOAD Drivers/STM32F4xx_HAL_Driver/Src/stm32f4xx_hal_pcd.o
LOAD Drivers/STM32F4xx_HAL_Driver/Src/stm32f4xx_hal_pcd_ex.o
LOAD Drivers/STM32F4xx_HAL_Driver/Src/stm32f4xx_hal_pwr.o
LOAD Drivers/STM32F4xx_HAL_Driver/Src/stm32f4xx_hal_pwr_ex.o
LOAD Drivers/STM32F4xx_HAL_Driver/Src/stm32f4xx_hal_rcc.o
LOAD Drivers/STM32F4xx_HAL_Driver/Src/stm32f4xx_hal_rcc_ex.o
LOAD Drivers/STM32F4xx_HAL_Driver/Src/stm32f4xx_hal_spi.o
LOAD Drivers/STM32F4xx_HAL_Driver/Src/stm32f4xx_hal_tim.o
LOAD Drivers/STM32F4xx_HAL_Driver/Src/stm32f4xx_hal_tim_ex.o
LOAD Drivers/STM32F4xx_HAL_Driver/Src/stm32f4xx_hal_uart.o
LOAD Drivers/STM32F4xx_HAL_Driver/Src/stm32f4xx_ll_usb.o
LOAD Middlewares/ST/STM32_USB_Device_Library/Class/HID/Src/usbd_hid.o
LOAD Middlewares/ST/STM32_USB_Device_Library/Core/Src/usbd_core.o
LOAD Middlewares/ST/STM32_USB_Device_Library/Core/Src/usbd_ctlreq.o
LOAD Middlewares/ST/STM32_USB_Device_Library/Core/Src/usbd_ioreq.o
LOAD Src/MY_NRF24.o
LOAD Src/main.o
LOAD Src/stm32f4xx_hal_msp.o
LOAD Src/stm32f4xx_it.o
LOAD Src/syscalls.o
LOAD Src/system_stm32f4xx.o
LOAD Src/usb_device.o
LOAD Src/usbd_conf.o
LOAD Src/usbd_desc.o
LOAD startup/startup_stm32f446xx.o
LOAD /Applications/Ac6/SystemWorkbench.app/Contents/Eclipse/plugins/fr.ac6.mcu.externaltools.arm-none.macos64_1.17.0.201812190825/tools/compiler/bin/../lib/gcc/arm-none-eabi/7.3.1/../../../../arm-none-eabi/lib/thumb/v7e-m/libm.a
START GROUP
LOAD /Applications/Ac6/SystemWorkbench.app/Contents/Eclipse/plugins/fr.ac6.mcu.externaltools.arm-none.macos64_1.17.0.201812190825/tools/compiler/bin/../lib/gcc/arm-none-eabi/7.3.1/thumb/v7e-m/libgcc.a
LOAD /Applications/Ac6/SystemWorkbench.app/Contents/Eclipse/plugins/fr.ac6.mcu.externaltools.arm-none.macos64_1.17.0.201812190825/tools/compiler/bin/../lib/gcc/arm-none-eabi/7.3.1/../../../../arm-none-eabi/lib/thumb/v7e-m/libc_nano.a
END GROUP
START GROUP
LOAD /Applications/Ac6/SystemWorkbench.app/Contents/Eclipse/plugins/fr.ac6.mcu.externaltools.arm-none.macos64_1.17.0.201812190825/tools/compiler/bin/../lib/gcc/arm-none-eabi/7.3.1/thumb/v7e-m/libgcc.a
LOAD /Applications/Ac6/SystemWorkbench.app/Contents/Eclipse/plugins/fr.ac6.mcu.externaltools.arm-none.macos64_1.17.0.201812190825/tools/compiler/bin/../lib/gcc/arm-none-eabi/7.3.1/../../../../arm-none-eabi/lib/thumb/v7e-m/libc_nano.a
LOAD /Applications/Ac6/SystemWorkbench.app/Contents/Eclipse/plugins/fr.ac6.mcu.externaltools.arm-none.macos64_1.17.0.201812190825/tools/compiler/bin/../lib/gcc/arm-none-eabi/7.3.1/../../../../arm-none-eabi/lib/thumb/v7e-m/libnosys.a
END GROUP
START GROUP
LOAD /Applications/Ac6/SystemWorkbench.app/Contents/Eclipse/plugins/fr.ac6.mcu.externaltools.arm-none.macos64_1.17.0.201812190825/tools/compiler/bin/../lib/gcc/arm-none-eabi/7.3.1/thumb/v7e-m/libgcc.a
LOAD /Applications/Ac6/SystemWorkbench.app/Contents/Eclipse/plugins/fr.ac6.mcu.externaltools.arm-none.macos64_1.17.0.201812190825/tools/compiler/bin/../lib/gcc/arm-none-eabi/7.3.1/../../../../arm-none-eabi/lib/thumb/v7e-m/libc_nano.a
LOAD /Applications/Ac6/SystemWorkbench.app/Contents/Eclipse/plugins/fr.ac6.mcu.externaltools.arm-none.macos64_1.17.0.201812190825/tools/compiler/bin/../lib/gcc/arm-none-eabi/7.3.1/../../../../arm-none-eabi/lib/thumb/v7e-m/libnosys.a
END GROUP
LOAD /Applications/Ac6/SystemWorkbench.app/Contents/Eclipse/plugins/fr.ac6.mcu.externaltools.arm-none.macos64_1.17.0.201812190825/tools/compiler/bin/../lib/gcc/arm-none-eabi/7.3.1/thumb/v7e-m/crtend.o
LOAD /Applications/Ac6/SystemWorkbench.app/Contents/Eclipse/plugins/fr.ac6.mcu.externaltools.arm-none.macos64_1.17.0.201812190825/tools/compiler/bin/../lib/gcc/arm-none-eabi/7.3.1/thumb/v7e-m/crtn.o
                0x0000000020020000                _estack = 0x20020000
                0x0000000000000200                _Min_Heap_Size = 0x200
                0x0000000000000400                _Min_Stack_Size = 0x400

.isr_vector     0x0000000008000000      0x1c4
                0x0000000008000000                . = ALIGN (0x4)
 *(.isr_vector)
 .isr_vector    0x0000000008000000      0x1c4 startup/startup_stm32f446xx.o
                0x0000000008000000                g_pfnVectors
                0x00000000080001c4                . = ALIGN (0x4)

.text           0x00000000080001d0     0x608c
                0x00000000080001d0                . = ALIGN (0x4)
 *(.text)
 .text          0x00000000080001d0       0x40 /Applications/Ac6/SystemWorkbench.app/Contents/Eclipse/plugins/fr.ac6.mcu.externaltools.arm-none.macos64_1.17.0.201812190825/tools/compiler/bin/../lib/gcc/arm-none-eabi/7.3.1/thumb/v7e-m/crtbegin.o
 .text          0x0000000008000210       0x30 /Applications/Ac6/SystemWorkbench.app/Contents/Eclipse/plugins/fr.ac6.mcu.externaltools.arm-none.macos64_1.17.0.201812190825/tools/compiler/bin/../lib/gcc/arm-none-eabi/7.3.1/thumb/v7e-m/libgcc.a(_aeabi_uldivmod.o)
                0x0000000008000210                __aeabi_uldivmod
 .text          0x0000000008000240      0x2cc /Applications/Ac6/SystemWorkbench.app/Contents/Eclipse/plugins/fr.ac6.mcu.externaltools.arm-none.macos64_1.17.0.201812190825/tools/compiler/bin/../lib/gcc/arm-none-eabi/7.3.1/thumb/v7e-m/libgcc.a(_udivmoddi4.o)
                0x0000000008000240                __udivmoddi4
 .text          0x000000000800050c        0x4 /Applications/Ac6/SystemWorkbench.app/Contents/Eclipse/plugins/fr.ac6.mcu.externaltools.arm-none.macos64_1.17.0.201812190825/tools/compiler/bin/../lib/gcc/arm-none-eabi/7.3.1/thumb/v7e-m/libgcc.a(_dvmd_tls.o)
                0x000000000800050c                __aeabi_ldiv0
                0x000000000800050c                __aeabi_idiv0
 .text          0x0000000008000510       0x10 /Applications/Ac6/SystemWorkbench.app/Contents/Eclipse/plugins/fr.ac6.mcu.externaltools.arm-none.macos64_1.17.0.201812190825/tools/compiler/bin/../lib/gcc/arm-none-eabi/7.3.1/../../../../arm-none-eabi/lib/thumb/v7e-m/libc_nano.a(lib_a-strlen.o)
                0x0000000008000510                strlen
 .text          0x0000000008000520       0xa0 /Applications/Ac6/SystemWorkbench.app/Contents/Eclipse/plugins/fr.ac6.mcu.externaltools.arm-none.macos64_1.17.0.201812190825/tools/compiler/bin/../lib/gcc/arm-none-eabi/7.3.1/../../../../arm-none-eabi/lib/thumb/v7e-m/libc_nano.a(lib_a-memchr.o)
                0x0000000008000520                memchr
 *(.text*)
 .text.HAL_InitTick
                0x00000000080005c0       0x48 Drivers/STM32F4xx_HAL_Driver/Src/stm32f4xx_hal.o
                0x00000000080005c0                HAL_InitTick
 .text.HAL_Init
                0x0000000008000608       0x34 Drivers/STM32F4xx_HAL_Driver/Src/stm32f4xx_hal.o
                0x0000000008000608                HAL_Init
 .text.HAL_IncTick
                0x000000000800063c       0x18 Drivers/STM32F4xx_HAL_Driver/Src/stm32f4xx_hal.o
                0x000000000800063c                HAL_IncTick
 .text.HAL_GetTick
                0x0000000008000654        0xc Drivers/STM32F4xx_HAL_Driver/Src/stm32f4xx_hal.o
                0x0000000008000654                HAL_GetTick
 .text.HAL_Delay
                0x0000000008000660       0x28 Drivers/STM32F4xx_HAL_Driver/Src/stm32f4xx_hal.o
                0x0000000008000660                HAL_Delay
 .text.HAL_NVIC_SetPriorityGrouping
                0x0000000008000688       0x24 Drivers/STM32F4xx_HAL_Driver/Src/stm32f4xx_hal_cortex.o
                0x0000000008000688                HAL_NVIC_SetPriorityGrouping
 .text.HAL_NVIC_SetPriority
                0x00000000080006ac       0x68 Drivers/STM32F4xx_HAL_Driver/Src/stm32f4xx_hal_cortex.o
                0x00000000080006ac                HAL_NVIC_SetPriority
 .text.HAL_NVIC_EnableIRQ
                0x0000000008000714       0x1c Drivers/STM32F4xx_HAL_Driver/Src/stm32f4xx_hal_cortex.o
                0x0000000008000714                HAL_NVIC_EnableIRQ
 .text.HAL_SYSTICK_Config
                0x0000000008000730       0x2c Drivers/STM32F4xx_HAL_Driver/Src/stm32f4xx_hal_cortex.o
                0x0000000008000730                HAL_SYSTICK_Config
 .text.HAL_GPIO_Init
                0x000000000800075c      0x1bc Drivers/STM32F4xx_HAL_Driver/Src/stm32f4xx_hal_gpio.o
                0x000000000800075c                HAL_GPIO_Init
 .text.HAL_GPIO_WritePin
                0x0000000008000918        0xc Drivers/STM32F4xx_HAL_Driver/Src/stm32f4xx_hal_gpio.o
                0x0000000008000918                HAL_GPIO_WritePin
 .text.PCD_WriteEmptyTxFifo
                0x0000000008000924       0xd4 Drivers/STM32F4xx_HAL_Driver/Src/stm32f4xx_hal_pcd.o
 .text.HAL_PCD_Init
                0x00000000080009f8      0x130 Drivers/STM32F4xx_HAL_Driver/Src/stm32f4xx_hal_pcd.o
                0x00000000080009f8                HAL_PCD_Init
 .text.HAL_PCD_Start
                0x0000000008000b28       0x42 Drivers/STM32F4xx_HAL_Driver/Src/stm32f4xx_hal_pcd.o
                0x0000000008000b28                HAL_PCD_Start
 *fill*         0x0000000008000b6a        0x2 
 .text.PCD_EP_OutXfrComplete_int
                0x0000000008000b6c      0x100 Drivers/STM32F4xx_HAL_Driver/Src/stm32f4xx_hal_pcd.o
 .text.PCD_EP_OutSetupPacket_int
                0x0000000008000c6c       0x50 Drivers/STM32F4xx_HAL_Driver/Src/stm32f4xx_hal_pcd.o
 .text.HAL_PCD_IRQHandler
                0x0000000008000cbc      0x4ea Drivers/STM32F4xx_HAL_Driver/Src/stm32f4xx_hal_pcd.o
                0x0000000008000cbc                HAL_PCD_IRQHandler
 .text.HAL_PCD_SetAddress
                0x00000000080011a6       0x28 Drivers/STM32F4xx_HAL_Driver/Src/stm32f4xx_hal_pcd.o
                0x00000000080011a6                HAL_PCD_SetAddress
 .text.HAL_PCD_EP_Open
                0x00000000080011ce       0x82 Drivers/STM32F4xx_HAL_Driver/Src/stm32f4xx_hal_pcd.o
                0x00000000080011ce                HAL_PCD_EP_Open
 .text.HAL_PCD_EP_Close
                0x0000000008001250       0x6e Drivers/STM32F4xx_HAL_Driver/Src/stm32f4xx_hal_pcd.o
                0x0000000008001250                HAL_PCD_EP_Close
 .text.HAL_PCD_EP_Receive
                0x00000000080012be       0x5c Drivers/STM32F4xx_HAL_Driver/Src/stm32f4xx_hal_pcd.o
                0x00000000080012be                HAL_PCD_EP_Receive
 .text.HAL_PCD_EP_Transmit
                0x000000000800131a       0x54 Drivers/STM32F4xx_HAL_Driver/Src/stm32f4xx_hal_pcd.o
                0x000000000800131a                HAL_PCD_EP_Transmit
 .text.HAL_PCD_EP_SetStall
                0x000000000800136e       0x82 Drivers/STM32F4xx_HAL_Driver/Src/stm32f4xx_hal_pcd.o
                0x000000000800136e                HAL_PCD_EP_SetStall
 .text.HAL_PCD_EP_ClrStall
                0x00000000080013f0       0x6e Drivers/STM32F4xx_HAL_Driver/Src/stm32f4xx_hal_pcd.o
                0x00000000080013f0                HAL_PCD_EP_ClrStall
 .text.HAL_PCDEx_SetTxFiFo
                0x000000000800145e       0x48 Drivers/STM32F4xx_HAL_Driver/Src/stm32f4xx_hal_pcd_ex.o
                0x000000000800145e                HAL_PCDEx_SetTxFiFo
 .text.HAL_PCDEx_SetRxFiFo
                0x00000000080014a6        0x8 Drivers/STM32F4xx_HAL_Driver/Src/stm32f4xx_hal_pcd_ex.o
                0x00000000080014a6                HAL_PCDEx_SetRxFiFo
 .text.HAL_PCDEx_ActivateLPM
                0x00000000080014ae       0x26 Drivers/STM32F4xx_HAL_Driver/Src/stm32f4xx_hal_pcd_ex.o
                0x00000000080014ae                HAL_PCDEx_ActivateLPM
 .text.HAL_RCC_ClockConfig
                0x00000000080014d4      0x160 Drivers/STM32F4xx_HAL_Driver/Src/stm32f4xx_hal_rcc.o
                0x00000000080014d4                HAL_RCC_ClockConfig
 .text.HAL_RCC_GetHCLKFreq
                0x0000000008001634        0xc Drivers/STM32F4xx_HAL_Driver/Src/stm32f4xx_hal_rcc.o
                0x0000000008001634                HAL_RCC_GetHCLKFreq
 .text.HAL_RCC_GetPCLK1Freq
                0x0000000008001640       0x20 Drivers/STM32F4xx_HAL_Driver/Src/stm32f4xx_hal_rcc.o
                0x0000000008001640                HAL_RCC_GetPCLK1Freq
 .text.HAL_RCC_GetPCLK2Freq
                0x0000000008001660       0x20 Drivers/STM32F4xx_HAL_Driver/Src/stm32f4xx_hal_rcc.o
                0x0000000008001660                HAL_RCC_GetPCLK2Freq
 .text.HAL_RCCEx_PeriphCLKConfig
                0x0000000008001680      0x47c Drivers/STM32F4xx_HAL_Driver/Src/stm32f4xx_hal_rcc_ex.o
                0x0000000008001680                HAL_RCCEx_PeriphCLKConfig
 .text.HAL_RCC_GetSysClockFreq
                0x0000000008001afc      0x184 Drivers/STM32F4xx_HAL_Driver/Src/stm32f4xx_hal_rcc_ex.o
                0x0000000008001afc                HAL_RCC_GetSysClockFreq
 .text.HAL_RCC_OscConfig
                0x0000000008001c80      0x3c4 Drivers/STM32F4xx_HAL_Driver/Src/stm32f4xx_hal_rcc_ex.o
                0x0000000008001c80                HAL_RCC_OscConfig
 .text.SPI_WaitFlagStateUntilTimeout
                0x0000000008002044       0x90 Drivers/STM32F4xx_HAL_Driver/Src/stm32f4xx_hal_spi.o
 .text.SPI_EndRxTxTransaction
                0x00000000080020d4       0x68 Drivers/STM32F4xx_HAL_Driver/Src/stm32f4xx_hal_spi.o
 .text.SPI_EndRxTransaction
                0x000000000800213c       0x98 Drivers/STM32F4xx_HAL_Driver/Src/stm32f4xx_hal_spi.o
 .text.HAL_SPI_Init
                0x00000000080021d4       0x80 Drivers/STM32F4xx_HAL_Driver/Src/stm32f4xx_hal_spi.o
                0x00000000080021d4                HAL_SPI_Init
 .text.HAL_SPI_Transmit
                0x0000000008002254      0x19a Drivers/STM32F4xx_HAL_Driver/Src/stm32f4xx_hal_spi.o
                0x0000000008002254                HAL_SPI_Transmit
 .text.HAL_SPI_TransmitReceive
                0x00000000080023ee      0x22e Drivers/STM32F4xx_HAL_Driver/Src/stm32f4xx_hal_spi.o
                0x00000000080023ee                HAL_SPI_TransmitReceive
 .text.HAL_SPI_Receive
                0x000000000800261c      0x162 Drivers/STM32F4xx_HAL_Driver/Src/stm32f4xx_hal_spi.o
                0x000000000800261c                HAL_SPI_Receive
 *fill*         0x000000000800277e        0x2 
 .text.UART_SetConfig
                0x0000000008002780      0x218 Drivers/STM32F4xx_HAL_Driver/Src/stm32f4xx_hal_uart.o
 .text.UART_WaitOnFlagUntilTimeout
                0x0000000008002998       0x62 Drivers/STM32F4xx_HAL_Driver/Src/stm32f4xx_hal_uart.o
 .text.HAL_UART_Init
                0x00000000080029fa       0x5e Drivers/STM32F4xx_HAL_Driver/Src/stm32f4xx_hal_uart.o
                0x00000000080029fa                HAL_UART_Init
 .text.HAL_UART_Transmit
                0x0000000008002a58       0xe2 Drivers/STM32F4xx_HAL_Driver/Src/stm32f4xx_hal_uart.o
                0x0000000008002a58                HAL_UART_Transmit
 *fill*         0x0000000008002b3a        0x2 
 .text.USB_CoreReset
                0x0000000008002b3c       0x3c Drivers/STM32F4xx_HAL_Driver/Src/stm32f4xx_ll_usb.o
 .text.USB_CoreInit
                0x0000000008002b78       0x8a Drivers/STM32F4xx_HAL_Driver/Src/stm32f4xx_ll_usb.o
                0x0000000008002b78                USB_CoreInit
 *fill*         0x0000000008002c02        0x2 
 .text.USB_SetTurnaroundTime
                0x0000000008002c04       0xec Drivers/STM32F4xx_HAL_Driver/Src/stm32f4xx_ll_usb.o
                0x0000000008002c04                USB_SetTurnaroundTime
 .text.USB_EnableGlobalInt
                0x0000000008002cf0        0xc Drivers/STM32F4xx_HAL_Driver/Src/stm32f4xx_ll_usb.o
                0x0000000008002cf0                USB_EnableGlobalInt
 .text.USB_DisableGlobalInt
                0x0000000008002cfc        0xc Drivers/STM32F4xx_HAL_Driver/Src/stm32f4xx_ll_usb.o
                0x0000000008002cfc                USB_DisableGlobalInt
 .text.USB_SetCurrentMode
                0x0000000008002d08       0x30 Drivers/STM32F4xx_HAL_Driver/Src/stm32f4xx_ll_usb.o
                0x0000000008002d08                USB_SetCurrentMode
 .text.USB_FlushTxFifo
                0x0000000008002d38       0x28 Drivers/STM32F4xx_HAL_Driver/Src/stm32f4xx_ll_usb.o
                0x0000000008002d38                USB_FlushTxFifo
 .text.USB_FlushRxFifo
                0x0000000008002d60       0x24 Drivers/STM32F4xx_HAL_Driver/Src/stm32f4xx_ll_usb.o
                0x0000000008002d60                USB_FlushRxFifo
 .text.USB_SetDevSpeed
                0x0000000008002d84        0xe Drivers/STM32F4xx_HAL_Driver/Src/stm32f4xx_ll_usb.o
                0x0000000008002d84                USB_SetDevSpeed
 *fill*         0x0000000008002d92        0x2 
 .text.USB_DevInit
                0x0000000008002d94      0x188 Drivers/STM32F4xx_HAL_Driver/Src/stm32f4xx_ll_usb.o
                0x0000000008002d94                USB_DevInit
 .text.USB_GetDevSpeed
                0x0000000008002f1c       0x22 Drivers/STM32F4xx_HAL_Driver/Src/stm32f4xx_ll_usb.o
                0x0000000008002f1c                USB_GetDevSpeed
 .text.USB_ActivateEndpoint
                0x0000000008002f3e       0x94 Drivers/STM32F4xx_HAL_Driver/Src/stm32f4xx_ll_usb.o
                0x0000000008002f3e                USB_ActivateEndpoint
 *fill*         0x0000000008002fd2        0x2 
 .text.USB_DeactivateEndpoint
                0x0000000008002fd4       0xdc Drivers/STM32F4xx_HAL_Driver/Src/stm32f4xx_ll_usb.o
                0x0000000008002fd4                USB_DeactivateEndpoint
 .text.USB_EP0StartXfer
                0x00000000080030b0      0x11c Drivers/STM32F4xx_HAL_Driver/Src/stm32f4xx_ll_usb.o
                0x00000000080030b0                USB_EP0StartXfer
 .text.USB_WritePacket
                0x00000000080031cc       0x28 Drivers/STM32F4xx_HAL_Driver/Src/stm32f4xx_ll_usb.o
                0x00000000080031cc                USB_WritePacket
 .text.USB_EPStartXfer
                0x00000000080031f4      0x21c Drivers/STM32F4xx_HAL_Driver/Src/stm32f4xx_ll_usb.o
                0x00000000080031f4                USB_EPStartXfer
 .text.USB_ReadPacket
                0x0000000008003410       0x26 Drivers/STM32F4xx_HAL_Driver/Src/stm32f4xx_ll_usb.o
                0x0000000008003410                USB_ReadPacket
 .text.USB_EPSetStall
                0x0000000008003436       0x5a Drivers/STM32F4xx_HAL_Driver/Src/stm32f4xx_ll_usb.o
                0x0000000008003436                USB_EPSetStall
 .text.USB_EPClearStall
                0x0000000008003490       0x5c Drivers/STM32F4xx_HAL_Driver/Src/stm32f4xx_ll_usb.o
                0x0000000008003490                USB_EPClearStall
 .text.USB_SetDevAddress
                0x00000000080034ec       0x20 Drivers/STM32F4xx_HAL_Driver/Src/stm32f4xx_ll_usb.o
                0x00000000080034ec                USB_SetDevAddress
 .text.USB_DevConnect
                0x000000000800350c       0x1c Drivers/STM32F4xx_HAL_Driver/Src/stm32f4xx_ll_usb.o
                0x000000000800350c                USB_DevConnect
 .text.USB_DevDisconnect
                0x0000000008003528       0x1c Drivers/STM32F4xx_HAL_Driver/Src/stm32f4xx_ll_usb.o
                0x0000000008003528                USB_DevDisconnect
 .text.USB_ReadInterrupts
                0x0000000008003544        0x8 Drivers/STM32F4xx_HAL_Driver/Src/stm32f4xx_ll_usb.o
                0x0000000008003544                USB_ReadInterrupts
 .text.USB_ReadDevAllOutEpInterrupt
                0x000000000800354c       0x10 Drivers/STM32F4xx_HAL_Driver/Src/stm32f4xx_ll_usb.o
                0x000000000800354c                USB_ReadDevAllOutEpInterrupt
 .text.USB_ReadDevAllInEpInterrupt
                0x000000000800355c       0x10 Drivers/STM32F4xx_HAL_Driver/Src/stm32f4xx_ll_usb.o
                0x000000000800355c                USB_ReadDevAllInEpInterrupt
 .text.USB_ReadDevOutEPInterrupt
                0x000000000800356c       0x12 Drivers/STM32F4xx_HAL_Driver/Src/stm32f4xx_ll_usb.o
                0x000000000800356c                USB_ReadDevOutEPInterrupt
 .text.USB_ReadDevInEPInterrupt
                0x000000000800357e       0x26 Drivers/STM32F4xx_HAL_Driver/Src/stm32f4xx_ll_usb.o
                0x000000000800357e                USB_ReadDevInEPInterrupt
 .text.USB_GetMode
                0x00000000080035a4        0x8 Drivers/STM32F4xx_HAL_Driver/Src/stm32f4xx_ll_usb.o
                0x00000000080035a4                USB_GetMode
 .text.USB_ActivateSetup
                0x00000000080035ac       0x20 Drivers/STM32F4xx_HAL_Driver/Src/stm32f4xx_ll_usb.o
                0x00000000080035ac                USB_ActivateSetup
 .text.USB_EP0_OutStart
                0x00000000080035cc       0x5c Drivers/STM32F4xx_HAL_Driver/Src/stm32f4xx_ll_usb.o
                0x00000000080035cc                USB_EP0_OutStart
 .text.USBD_HID_GetFSCfgDesc
                0x0000000008003628        0xc Middlewares/ST/STM32_USB_Device_Library/Class/HID/Src/usbd_hid.o
 .text.USBD_HID_GetHSCfgDesc
                0x0000000008003634        0xc Middlewares/ST/STM32_USB_Device_Library/Class/HID/Src/usbd_hid.o
 .text.USBD_HID_GetOtherSpeedCfgDesc
                0x0000000008003640        0xc Middlewares/ST/STM32_USB_Device_Library/Class/HID/Src/usbd_hid.o
 .text.USBD_HID_DataIn
                0x000000000800364c        0xa Middlewares/ST/STM32_USB_Device_Library/Class/HID/Src/usbd_hid.o
 *fill*         0x0000000008003656        0x2 
 .text.USBD_HID_GetDeviceQualifierDesc
                0x0000000008003658        0xc Middlewares/ST/STM32_USB_Device_Library/Class/HID/Src/usbd_hid.o
 .text.USBD_HID_Setup
                0x0000000008003664      0x11c Middlewares/ST/STM32_USB_Device_Library/Class/HID/Src/usbd_hid.o
 .text.USBD_HID_DeInit
                0x0000000008003780       0x24 Middlewares/ST/STM32_USB_Device_Library/Class/HID/Src/usbd_hid.o
 .text.USBD_HID_Init
                0x00000000080037a4       0x40 Middlewares/ST/STM32_USB_Device_Library/Class/HID/Src/usbd_hid.o
 .text.USBD_HID_SendReport
                0x00000000080037e4       0x28 Middlewares/ST/STM32_USB_Device_Library/Class/HID/Src/usbd_hid.o
                0x00000000080037e4                USBD_HID_SendReport
 .text.USBD_Init
                0x000000000800380c       0x38 Middlewares/ST/STM32_USB_Device_Library/Core/Src/usbd_core.o
                0x000000000800380c                USBD_Init
 .text.USBD_RegisterClass
                0x0000000008003844       0x28 Middlewares/ST/STM32_USB_Device_Library/Core/Src/usbd_core.o
                0x0000000008003844                USBD_RegisterClass
 .text.USBD_Start
                0x000000000800386c        0x8 Middlewares/ST/STM32_USB_Device_Library/Core/Src/usbd_core.o
                0x000000000800386c                USBD_Start
 .text.USBD_SetClassConfig
                0x0000000008003874       0x12 Middlewares/ST/STM32_USB_Device_Library/Core/Src/usbd_core.o
                0x0000000008003874                USBD_SetClassConfig
 .text.USBD_ClrClassConfig
                0x0000000008003886       0x10 Middlewares/ST/STM32_USB_Device_Library/Core/Src/usbd_core.o
                0x0000000008003886                USBD_ClrClassConfig
 .text.USBD_LL_SetupStage
                0x0000000008003896       0x58 Middlewares/ST/STM32_USB_Device_Library/Core/Src/usbd_core.o
                0x0000000008003896                USBD_LL_SetupStage
 .text.USBD_LL_DataOutStage
                0x00000000080038ee       0x72 Middlewares/ST/STM32_USB_Device_Library/Core/Src/usbd_core.o
                0x00000000080038ee                USBD_LL_DataOutStage
 .text.USBD_LL_DataInStage
                0x0000000008003960       0xb6 Middlewares/ST/STM32_USB_Device_Library/Core/Src/usbd_core.o
                0x0000000008003960                USBD_LL_DataInStage
 .text.USBD_LL_Reset
                0x0000000008003a16       0x52 Middlewares/ST/STM32_USB_Device_Library/Core/Src/usbd_core.o
                0x0000000008003a16                USBD_LL_Reset
 .text.USBD_LL_SetSpeed
                0x0000000008003a68        0x6 Middlewares/ST/STM32_USB_Device_Library/Core/Src/usbd_core.o
                0x0000000008003a68                USBD_LL_SetSpeed
 .text.USBD_LL_Suspend
                0x0000000008003a6e       0x12 Middlewares/ST/STM32_USB_Device_Library/Core/Src/usbd_core.o
                0x0000000008003a6e                USBD_LL_Suspend
 .text.USBD_LL_Resume
                0x0000000008003a80       0x16 Middlewares/ST/STM32_USB_Device_Library/Core/Src/usbd_core.o
                0x0000000008003a80                USBD_LL_Resume
 .text.USBD_LL_SOF
                0x0000000008003a96       0x1c Middlewares/ST/STM32_USB_Device_Library/Core/Src/usbd_core.o
                0x0000000008003a96                USBD_LL_SOF
 .text.USBD_LL_IsoINIncomplete
                0x0000000008003ab2        0x4 Middlewares/ST/STM32_USB_Device_Library/Core/Src/usbd_core.o
                0x0000000008003ab2                USBD_LL_IsoINIncomplete
 .text.USBD_LL_IsoOUTIncomplete
                0x0000000008003ab6        0x4 Middlewares/ST/STM32_USB_Device_Library/Core/Src/usbd_core.o
                0x0000000008003ab6                USBD_LL_IsoOUTIncomplete
 .text.USBD_LL_DevConnected
                0x0000000008003aba        0x4 Middlewares/ST/STM32_USB_Device_Library/Core/Src/usbd_core.o
                0x0000000008003aba                USBD_LL_DevConnected
 .text.USBD_LL_DevDisconnected
                0x0000000008003abe       0x18 Middlewares/ST/STM32_USB_Device_Library/Core/Src/usbd_core.o
                0x0000000008003abe                USBD_LL_DevDisconnected
 .text.USBD_GetLen
                0x0000000008003ad6       0x14 Middlewares/ST/STM32_USB_Device_Library/Core/Src/usbd_ctlreq.o
 .text.USBD_SetFeature
                0x0000000008003aea       0x14 Middlewares/ST/STM32_USB_Device_Library/Core/Src/usbd_ctlreq.o
 .text.USBD_ParseSetupRequest
                0x0000000008003afe       0x28 Middlewares/ST/STM32_USB_Device_Library/Core/Src/usbd_ctlreq.o
                0x0000000008003afe                USBD_ParseSetupRequest
 .text.USBD_CtlError
                0x0000000008003b26       0x14 Middlewares/ST/STM32_USB_Device_Library/Core/Src/usbd_ctlreq.o
                0x0000000008003b26                USBD_CtlError
 .text.USBD_GetDescriptor
                0x0000000008003b3a      0x1ac Middlewares/ST/STM32_USB_Device_Library/Core/Src/usbd_ctlreq.o
 .text.USBD_SetAddress
                0x0000000008003ce6       0x4e Middlewares/ST/STM32_USB_Device_Library/Core/Src/usbd_ctlreq.o
 .text.USBD_SetConfig
                0x0000000008003d34       0xc8 Middlewares/ST/STM32_USB_Device_Library/Core/Src/usbd_ctlreq.o
 .text.USBD_GetConfig
                0x0000000008003dfc       0x3c Middlewares/ST/STM32_USB_Device_Library/Core/Src/usbd_ctlreq.o
 .text.USBD_GetStatus
                0x0000000008003e38       0x38 Middlewares/ST/STM32_USB_Device_Library/Core/Src/usbd_ctlreq.o
 .text.USBD_ClrFeature
                0x0000000008003e70       0x26 Middlewares/ST/STM32_USB_Device_Library/Core/Src/usbd_ctlreq.o
 .text.USBD_StdDevReq
                0x0000000008003e96       0x76 Middlewares/ST/STM32_USB_Device_Library/Core/Src/usbd_ctlreq.o
                0x0000000008003e96                USBD_StdDevReq
 .text.USBD_StdItfReq
                0x0000000008003f0c       0x68 Middlewares/ST/STM32_USB_Device_Library/Core/Src/usbd_ctlreq.o
                0x0000000008003f0c                USBD_StdItfReq
 .text.USBD_StdEPReq
                0x0000000008003f74      0x202 Middlewares/ST/STM32_USB_Device_Library/Core/Src/usbd_ctlreq.o
                0x0000000008003f74                USBD_StdEPReq
 .text.USBD_GetString
                0x0000000008004176       0x38 Middlewares/ST/STM32_USB_Device_Library/Core/Src/usbd_ctlreq.o
                0x0000000008004176                USBD_GetString
 .text.USBD_CtlSendData
                0x00000000080041ae       0x1a Middlewares/ST/STM32_USB_Device_Library/Core/Src/usbd_ioreq.o
                0x00000000080041ae                USBD_CtlSendData
 .text.USBD_CtlContinueSendData
                0x00000000080041c8       0x10 Middlewares/ST/STM32_USB_Device_Library/Core/Src/usbd_ioreq.o
                0x00000000080041c8                USBD_CtlContinueSendData
 .text.USBD_CtlContinueRx
                0x00000000080041d8       0x10 Middlewares/ST/STM32_USB_Device_Library/Core/Src/usbd_ioreq.o
                0x00000000080041d8                USBD_CtlContinueRx
 .text.USBD_CtlSendStatus
                0x00000000080041e8       0x16 Middlewares/ST/STM32_USB_Device_Library/Core/Src/usbd_ioreq.o
                0x00000000080041e8                USBD_CtlSendStatus
 .text.USBD_CtlReceiveStatus
                0x00000000080041fe       0x16 Middlewares/ST/STM32_USB_Device_Library/Core/Src/usbd_ioreq.o
                0x00000000080041fe                USBD_CtlReceiveStatus
 .text.NRF24_csn
                0x0000000008004214       0x24 Src/MY_NRF24.o
                0x0000000008004214                NRF24_csn
 .text.NRF24_ce
                0x0000000008004238       0x24 Src/MY_NRF24.o
                0x0000000008004238                NRF24_ce
 .text.NRF24_read_register
                0x000000000800425c       0x44 Src/MY_NRF24.o
                0x000000000800425c                NRF24_read_register
 .text.NRF24_read_registerN
                0x00000000080042a0       0x40 Src/MY_NRF24.o
                0x00000000080042a0                NRF24_read_registerN
 .text.NRF24_write_register
                0x00000000080042e0       0x34 Src/MY_NRF24.o
                0x00000000080042e0                NRF24_write_register
 .text.NRF24_write_registerN
                0x0000000008004314       0x40 Src/MY_NRF24.o
                0x0000000008004314                NRF24_write_registerN
 .text.NRF24_flush_tx
                0x0000000008004354        0xc Src/MY_NRF24.o
                0x0000000008004354                NRF24_flush_tx
 .text.NRF24_flush_rx
                0x0000000008004360        0xc Src/MY_NRF24.o
                0x0000000008004360                NRF24_flush_rx
 .text.NRF24_get_status
                0x000000000800436c        0xa Src/MY_NRF24.o
                0x000000000800436c                NRF24_get_status
 *fill*         0x0000000008004376        0x2 
 .text.NRF24_startListening
                0x0000000008004378       0x44 Src/MY_NRF24.o
                0x0000000008004378                NRF24_startListening
 .text.NRF24_stopListening
                0x00000000080043bc       0x12 Src/MY_NRF24.o
                0x00000000080043bc                NRF24_stopListening
 *fill*         0x00000000080043ce        0x2 
 .text.NRF24_openReadingPipe
                0x00000000080043d0       0x6c Src/MY_NRF24.o
                0x00000000080043d0                NRF24_openReadingPipe
 .text.NRF24_setRetries
                0x000000000800443c       0x14 Src/MY_NRF24.o
                0x000000000800443c                NRF24_setRetries
 .text.NRF24_setChannel
                0x0000000008004450       0x12 Src/MY_NRF24.o
                0x0000000008004450                NRF24_setChannel
 *fill*         0x0000000008004462        0x2 
 .text.NRF24_setPayloadSize
                0x0000000008004464       0x14 Src/MY_NRF24.o
                0x0000000008004464                NRF24_setPayloadSize
 .text.NRF24_getPayloadSize
                0x0000000008004478        0xc Src/MY_NRF24.o
                0x0000000008004478                NRF24_getPayloadSize
 .text.NRF24_read_payload
                0x0000000008004484       0x4c Src/MY_NRF24.o
                0x0000000008004484                NRF24_read_payload
 .text.NRF24_getDynamicPayloadSize
                0x00000000080044d0        0xa Src/MY_NRF24.o
                0x00000000080044d0                NRF24_getDynamicPayloadSize
 .text.NRF24_read
                0x00000000080044da       0x1c Src/MY_NRF24.o
                0x00000000080044da                NRF24_read
 .text.NRF24_disableDynamicPayloads
                0x00000000080044f6       0x1c Src/MY_NRF24.o
                0x00000000080044f6                NRF24_disableDynamicPayloads
 .text.NRF24_setAutoAck
                0x0000000008004512       0x18 Src/MY_NRF24.o
                0x0000000008004512                NRF24_setAutoAck
 .text.NRF24_setPALevel
                0x000000000800452a       0x3e Src/MY_NRF24.o
                0x000000000800452a                NRF24_setPALevel
 .text.NRF24_setDataRate
                0x0000000008004568       0x3c Src/MY_NRF24.o
                0x0000000008004568                NRF24_setDataRate
 .text.NRF24_setCRCLength
                0x00000000080045a4       0x26 Src/MY_NRF24.o
                0x00000000080045a4                NRF24_setCRCLength
 .text.NRF24_powerDown
                0x00000000080045ca       0x14 Src/MY_NRF24.o
                0x00000000080045ca                NRF24_powerDown
 .text.NRF24_availablePipe
                0x00000000080045de       0x3c Src/MY_NRF24.o
                0x00000000080045de                NRF24_availablePipe
 .text.NRF24_available
                0x000000000800461a        0xa Src/MY_NRF24.o
                0x000000000800461a                NRF24_available
 .text.NRF24_resetStatus
                0x0000000008004624        0xc Src/MY_NRF24.o
                0x0000000008004624                NRF24_resetStatus
 .text.NRF24_ACTIVATE_cmd
                0x0000000008004630       0x34 Src/MY_NRF24.o
                0x0000000008004630                NRF24_ACTIVATE_cmd
 .text.NRF24_enableDynamicPayloads
                0x0000000008004664       0x48 Src/MY_NRF24.o
                0x0000000008004664                NRF24_enableDynamicPayloads
 .text.printRadioSettings
                0x00000000080046ac      0x5e0 Src/MY_NRF24.o
                0x00000000080046ac                printRadioSettings
 .text.NRF24_begin
                0x0000000008004c8c      0x198 Src/MY_NRF24.o
                0x0000000008004c8c                NRF24_begin
 .text.nrf24_DebugUART_Init
                0x0000000008004e24       0x2c Src/MY_NRF24.o
                0x0000000008004e24                nrf24_DebugUART_Init
 .text.MX_GPIO_Init
                0x0000000008004e50       0xc8 Src/main.o
 .text.MX_SPI3_Init
                0x0000000008004f18       0x3c Src/main.o
 .text.MX_USART2_UART_Init
                0x0000000008004f54       0x2c Src/main.o
 .text.setupRX  0x0000000008004f80       0x7c Src/main.o
                0x0000000008004f80                setupRX
 .text.setupHIDReportClick
                0x0000000008004ffc        0xc Src/main.o
                0x0000000008004ffc                setupHIDReportClick
 .text.setupHIDReportXPosition
                0x0000000008005008        0xc Src/main.o
                0x0000000008005008                setupHIDReportXPosition
 .text.setupHIDReportYPosition
                0x0000000008005014        0xc Src/main.o
                0x0000000008005014                setupHIDReportYPosition
 .text.validData
                0x0000000008005020      0x134 Src/main.o
                0x0000000008005020                validData
 .text.readData
                0x0000000008005154       0x1e Src/main.o
                0x0000000008005154                readData
 *fill*         0x0000000008005172        0x2 
 .text.SystemClock_Config
                0x0000000008005174       0xb0 Src/main.o
                0x0000000008005174                SystemClock_Config
 *fill*         0x0000000008005224        0x4 
 .text.main     0x0000000008005228       0xb4 Src/main.o
                0x0000000008005228                main
 .text.Error_Handler
                0x00000000080052dc        0x2 Src/main.o
                0x00000000080052dc                Error_Handler
 *fill*         0x00000000080052de        0x2 
 .text.HAL_MspInit
                0x00000000080052e0       0x40 Src/stm32f4xx_hal_msp.o
                0x00000000080052e0                HAL_MspInit
 .text.HAL_SPI_MspInit
                0x0000000008005320       0x84 Src/stm32f4xx_hal_msp.o
                0x0000000008005320                HAL_SPI_MspInit
 .text.HAL_UART_MspInit
                0x00000000080053a4       0x70 Src/stm32f4xx_hal_msp.o
                0x00000000080053a4                HAL_UART_MspInit
 .text.NMI_Handler
                0x0000000008005414        0x2 Src/stm32f4xx_it.o
                0x0000000008005414                NMI_Handler
 .text.HardFault_Handler
                0x0000000008005416        0x2 Src/stm32f4xx_it.o
                0x0000000008005416                HardFault_Handler
 .text.MemManage_Handler
                0x0000000008005418        0x2 Src/stm32f4xx_it.o
                0x0000000008005418                MemManage_Handler
 .text.BusFault_Handler
                0x000000000800541a        0x2 Src/stm32f4xx_it.o
                0x000000000800541a                BusFault_Handler
 .text.UsageFault_Handler
                0x000000000800541c        0x2 Src/stm32f4xx_it.o
                0x000000000800541c                UsageFault_Handler
 .text.SVC_Handler
                0x000000000800541e        0x2 Src/stm32f4xx_it.o
                0x000000000800541e                SVC_Handler
 .text.DebugMon_Handler
                0x0000000008005420        0x2 Src/stm32f4xx_it.o
                0x0000000008005420                DebugMon_Handler
 .text.PendSV_Handler
                0x0000000008005422        0x2 Src/stm32f4xx_it.o
                0x0000000008005422                PendSV_Handler
 .text.SysTick_Handler
                0x0000000008005424        0x8 Src/stm32f4xx_it.o
                0x0000000008005424                SysTick_Handler
 .text.OTG_FS_IRQHandler
                0x000000000800542c       0x10 Src/stm32f4xx_it.o
                0x000000000800542c                OTG_FS_IRQHandler
 .text._sbrk    0x000000000800543c       0x3c Src/syscalls.o
                0x000000000800543c                _sbrk
 .text.SystemInit
                0x0000000008005478       0x10 Src/system_stm32f4xx.o
                0x0000000008005478                SystemInit
 .text.MX_USB_DEVICE_Init
                0x0000000008005488       0x40 Src/usb_device.o
                0x0000000008005488                MX_USB_DEVICE_Init
 .text.HAL_PCD_MspInit
                0x00000000080054c8       0x84 Src/usbd_conf.o
                0x00000000080054c8                HAL_PCD_MspInit
 .text.HAL_PCD_SetupStageCallback
                0x000000000800554c       0x10 Src/usbd_conf.o
                0x000000000800554c                HAL_PCD_SetupStageCallback
 .text.HAL_PCD_DataOutStageCallback
                0x000000000800555c       0x18 Src/usbd_conf.o
                0x000000000800555c                HAL_PCD_DataOutStageCallback
 .text.HAL_PCD_DataInStageCallback
                0x0000000008005574       0x16 Src/usbd_conf.o
                0x0000000008005574                HAL_PCD_DataInStageCallback
 .text.HAL_PCD_SOFCallback
                0x000000000800558a        0xc Src/usbd_conf.o
                0x000000000800558a                HAL_PCD_SOFCallback
 .text.HAL_PCD_ResetCallback
                0x0000000008005596       0x2c Src/usbd_conf.o
                0x0000000008005596                HAL_PCD_ResetCallback
 *fill*         0x00000000080055c2        0x2 
 .text.HAL_PCD_SuspendCallback
                0x00000000080055c4       0x30 Src/usbd_conf.o
                0x00000000080055c4                HAL_PCD_SuspendCallback
 .text.HAL_PCD_ResumeCallback
                0x00000000080055f4        0xc Src/usbd_conf.o
                0x00000000080055f4                HAL_PCD_ResumeCallback
 .text.HAL_PCD_ISOOUTIncompleteCallback
                0x0000000008005600        0xc Src/usbd_conf.o
                0x0000000008005600                HAL_PCD_ISOOUTIncompleteCallback
 .text.HAL_PCD_ISOINIncompleteCallback
                0x000000000800560c        0xc Src/usbd_conf.o
                0x000000000800560c                HAL_PCD_ISOINIncompleteCallback
 .text.HAL_PCD_ConnectCallback
                0x0000000008005618        0xc Src/usbd_conf.o
                0x0000000008005618                HAL_PCD_ConnectCallback
 .text.HAL_PCD_DisconnectCallback
                0x0000000008005624        0xc Src/usbd_conf.o
                0x0000000008005624                HAL_PCD_DisconnectCallback
 .text.USBD_LL_Init
                0x0000000008005630       0x68 Src/usbd_conf.o
                0x0000000008005630                USBD_LL_Init
 .text.USBD_LL_IsStallEP
                0x0000000008005698       0x2e Src/usbd_conf.o
                0x0000000008005698                USBD_LL_IsStallEP
 *fill*         0x00000000080056c6        0x2 
 .text.HAL_PCDEx_LPM_Callback
                0x00000000080056c8       0x64 Src/usbd_conf.o
                0x00000000080056c8                HAL_PCDEx_LPM_Callback
 .text.USBD_Get_USB_Status
                0x000000000800572c       0x12 Src/usbd_conf.o
                0x000000000800572c                USBD_Get_USB_Status
 .text.USBD_LL_Start
                0x000000000800573e       0x10 Src/usbd_conf.o
                0x000000000800573e                USBD_LL_Start
 .text.USBD_LL_OpenEP
                0x000000000800574e       0x16 Src/usbd_conf.o
                0x000000000800574e                USBD_LL_OpenEP
 .text.USBD_LL_CloseEP
                0x0000000008005764       0x10 Src/usbd_conf.o
                0x0000000008005764                USBD_LL_CloseEP
 .text.USBD_LL_StallEP
                0x0000000008005774       0x10 Src/usbd_conf.o
                0x0000000008005774                USBD_LL_StallEP
 .text.USBD_LL_ClearStallEP
                0x0000000008005784       0x10 Src/usbd_conf.o
                0x0000000008005784                USBD_LL_ClearStallEP
 .text.USBD_LL_SetUSBAddress
                0x0000000008005794       0x10 Src/usbd_conf.o
                0x0000000008005794                USBD_LL_SetUSBAddress
 .text.USBD_LL_Transmit
                0x00000000080057a4       0x10 Src/usbd_conf.o
                0x00000000080057a4                USBD_LL_Transmit
 .text.USBD_LL_PrepareReceive
                0x00000000080057b4       0x10 Src/usbd_conf.o
                0x00000000080057b4                USBD_LL_PrepareReceive
 .text.USBD_FS_DeviceDescriptor
                0x00000000080057c4        0xc Src/usbd_desc.o
                0x00000000080057c4                USBD_FS_DeviceDescriptor
 .text.USBD_FS_LangIDStrDescriptor
                0x00000000080057d0        0xc Src/usbd_desc.o
                0x00000000080057d0                USBD_FS_LangIDStrDescriptor
 .text.USBD_FS_USR_BOSDescriptor
                0x00000000080057dc        0xc Src/usbd_desc.o
                0x00000000080057dc                USBD_FS_USR_BOSDescriptor
 .text.IntToUnicode
                0x00000000080057e8       0x36 Src/usbd_desc.o
 *fill*         0x000000000800581e        0x2 
 .text.Get_SerialNum
                0x0000000008005820       0x38 Src/usbd_desc.o
 .text.USBD_FS_SerialStrDescriptor
                0x0000000008005858       0x14 Src/usbd_desc.o
                0x0000000008005858                USBD_FS_SerialStrDescriptor
 .text.USBD_FS_ProductStrDescriptor
                0x000000000800586c       0x24 Src/usbd_desc.o
                0x000000000800586c                USBD_FS_ProductStrDescriptor
 .text.USBD_FS_ManufacturerStrDescriptor
                0x0000000008005890       0x1c Src/usbd_desc.o
                0x0000000008005890                USBD_FS_ManufacturerStrDescriptor
 .text.USBD_FS_ConfigStrDescriptor
                0x00000000080058ac       0x24 Src/usbd_desc.o
                0x00000000080058ac                USBD_FS_ConfigStrDescriptor
 .text.USBD_FS_InterfaceStrDescriptor
                0x00000000080058d0       0x24 Src/usbd_desc.o
                0x00000000080058d0                USBD_FS_InterfaceStrDescriptor
 .text.Reset_Handler
                0x00000000080058f4       0x50 startup/startup_stm32f446xx.o
                0x00000000080058f4                Reset_Handler
 .text.Default_Handler
                0x0000000008005944        0x2 startup/startup_stm32f446xx.o
                0x0000000008005944                DMA1_Stream3_IRQHandler
                0x0000000008005944                EXTI2_IRQHandler
                0x0000000008005944                TIM8_CC_IRQHandler
                0x0000000008005944                FMPI2C1_EV_IRQHandler
                0x0000000008005944                SPI4_IRQHandler
                0x0000000008005944                TIM1_CC_IRQHandler
                0x0000000008005944                DMA2_Stream5_IRQHandler
                0x0000000008005944                DMA1_Stream5_IRQHandler
                0x0000000008005944                PVD_IRQHandler
                0x0000000008005944                SDIO_IRQHandler
                0x0000000008005944                TAMP_STAMP_IRQHandler
                0x0000000008005944                CAN2_RX1_IRQHandler
                0x0000000008005944                EXTI3_IRQHandler
                0x0000000008005944                TIM8_TRG_COM_TIM14_IRQHandler
                0x0000000008005944                TIM1_UP_TIM10_IRQHandler
                0x0000000008005944                TIM8_UP_TIM13_IRQHandler
                0x0000000008005944                I2C3_ER_IRQHandler
                0x0000000008005944                EXTI0_IRQHandler
                0x0000000008005944                I2C2_EV_IRQHandler
                0x0000000008005944                DMA1_Stream2_IRQHandler
                0x0000000008005944                CAN1_RX0_IRQHandler
                0x0000000008005944                FPU_IRQHandler
                0x0000000008005944                OTG_HS_WKUP_IRQHandler
                0x0000000008005944                CAN2_SCE_IRQHandler
                0x0000000008005944                DMA2_Stream2_IRQHandler
                0x0000000008005944                SPI1_IRQHandler
                0x0000000008005944                TIM6_DAC_IRQHandler
                0x0000000008005944                TIM1_BRK_TIM9_IRQHandler
                0x0000000008005944                DCMI_IRQHandler
                0x0000000008005944                CAN2_RX0_IRQHandler
                0x0000000008005944                DMA2_Stream3_IRQHandler
                0x0000000008005944                SAI2_IRQHandler
                0x0000000008005944                USART6_IRQHandler
                0x0000000008005944                USART3_IRQHandler
                0x0000000008005944                CAN1_RX1_IRQHandler
                0x0000000008005944                UART5_IRQHandler
                0x0000000008005944                DMA2_Stream0_IRQHandler
                0x0000000008005944                TIM4_IRQHandler
                0x0000000008005944                QUADSPI_IRQHandler
                0x0000000008005944                I2C1_EV_IRQHandler
                0x0000000008005944                DMA1_Stream6_IRQHandler
                0x0000000008005944                DMA1_Stream1_IRQHandler
                0x0000000008005944                UART4_IRQHandler
                0x0000000008005944                TIM3_IRQHandler
                0x0000000008005944                RCC_IRQHandler
                0x0000000008005944                TIM8_BRK_TIM12_IRQHandler
                0x0000000008005944                Default_Handler
                0x0000000008005944                CEC_IRQHandler
                0x0000000008005944                EXTI15_10_IRQHandler
                0x0000000008005944                ADC_IRQHandler
                0x0000000008005944                DMA1_Stream7_IRQHandler
                0x0000000008005944                TIM7_IRQHandler
                0x0000000008005944                CAN2_TX_IRQHandler
                0x0000000008005944                TIM5_IRQHandler
                0x0000000008005944                DMA2_Stream7_IRQHandler
                0x0000000008005944                I2C3_EV_IRQHandler
                0x0000000008005944                EXTI9_5_IRQHandler
                0x0000000008005944                RTC_WKUP_IRQHandler
                0x0000000008005944                SPDIF_RX_IRQHandler
                0x0000000008005944                SPI2_IRQHandler
                0x0000000008005944                OTG_HS_EP1_IN_IRQHandler
                0x0000000008005944                DMA1_Stream0_IRQHandler
                0x0000000008005944                CAN1_TX_IRQHandler
                0x0000000008005944                FMPI2C1_ER_IRQHandler
                0x0000000008005944                EXTI4_IRQHandler
                0x0000000008005944                OTG_HS_EP1_OUT_IRQHandler
                0x0000000008005944                WWDG_IRQHandler
                0x0000000008005944                TIM2_IRQHandler
                0x0000000008005944                OTG_FS_WKUP_IRQHandler
                0x0000000008005944                TIM1_TRG_COM_TIM11_IRQHandler
                0x0000000008005944                OTG_HS_IRQHandler
                0x0000000008005944                EXTI1_IRQHandler
                0x0000000008005944                USART2_IRQHandler
                0x0000000008005944                I2C2_ER_IRQHandler
                0x0000000008005944                DMA2_Stream1_IRQHandler
                0x0000000008005944                CAN1_SCE_IRQHandler
                0x0000000008005944                FLASH_IRQHandler
                0x0000000008005944                DMA2_Stream4_IRQHandler
                0x0000000008005944                USART1_IRQHandler
                0x0000000008005944                SPI3_IRQHandler
                0x0000000008005944                DMA1_Stream4_IRQHandler
                0x0000000008005944                I2C1_ER_IRQHandler
                0x0000000008005944                FMC_IRQHandler
                0x0000000008005944                DMA2_Stream6_IRQHandler
                0x0000000008005944                SAI1_IRQHandler
                0x0000000008005944                RTC_Alarm_IRQHandler
 *fill*         0x0000000008005946        0x2 
 .text.__errno  0x0000000008005948        0xc /Applications/Ac6/SystemWorkbench.app/Contents/Eclipse/plugins/fr.ac6.mcu.externaltools.arm-none.macos64_1.17.0.201812190825/tools/compiler/bin/../lib/gcc/arm-none-eabi/7.3.1/../../../../arm-none-eabi/lib/thumb/v7e-m/libc_nano.a(lib_a-errno.o)
                0x0000000008005948                __errno
 .text.__libc_init_array
                0x0000000008005954       0x48 /Applications/Ac6/SystemWorkbench.app/Contents/Eclipse/plugins/fr.ac6.mcu.externaltools.arm-none.macos64_1.17.0.201812190825/tools/compiler/bin/../lib/gcc/arm-none-eabi/7.3.1/../../../../arm-none-eabi/lib/thumb/v7e-m/libc_nano.a(lib_a-init.o)
                0x0000000008005954                __libc_init_array
 .text.malloc   0x000000000800599c       0x10 /Applications/Ac6/SystemWorkbench.app/Contents/Eclipse/plugins/fr.ac6.mcu.externaltools.arm-none.macos64_1.17.0.201812190825/tools/compiler/bin/../lib/gcc/arm-none-eabi/7.3.1/../../../../arm-none-eabi/lib/thumb/v7e-m/libc_nano.a(lib_a-malloc.o)
                0x000000000800599c                malloc
 .text.free     0x00000000080059ac       0x10 /Applications/Ac6/SystemWorkbench.app/Contents/Eclipse/plugins/fr.ac6.mcu.externaltools.arm-none.macos64_1.17.0.201812190825/tools/compiler/bin/../lib/gcc/arm-none-eabi/7.3.1/../../../../arm-none-eabi/lib/thumb/v7e-m/libc_nano.a(lib_a-malloc.o)
                0x00000000080059ac                free
 .text.memcpy   0x00000000080059bc       0x16 /Applications/Ac6/SystemWorkbench.app/Contents/Eclipse/plugins/fr.ac6.mcu.externaltools.arm-none.macos64_1.17.0.201812190825/tools/compiler/bin/../lib/gcc/arm-none-eabi/7.3.1/../../../../arm-none-eabi/lib/thumb/v7e-m/libc_nano.a(lib_a-memcpy-stub.o)
                0x00000000080059bc                memcpy
 .text.memset   0x00000000080059d2       0x10 /Applications/Ac6/SystemWorkbench.app/Contents/Eclipse/plugins/fr.ac6.mcu.externaltools.arm-none.macos64_1.17.0.201812190825/tools/compiler/bin/../lib/gcc/arm-none-eabi/7.3.1/../../../../arm-none-eabi/lib/thumb/v7e-m/libc_nano.a(lib_a-memset.o)
                0x00000000080059d2                memset
 *fill*         0x00000000080059e2        0x2 
 .text._free_r  0x00000000080059e4       0x9c /Applications/Ac6/SystemWorkbench.app/Contents/Eclipse/plugins/fr.ac6.mcu.externaltools.arm-none.macos64_1.17.0.201812190825/tools/compiler/bin/../lib/gcc/arm-none-eabi/7.3.1/../../../../arm-none-eabi/lib/thumb/v7e-m/libc_nano.a(lib_a-nano-freer.o)
                0x00000000080059e4                _free_r
 .text._malloc_r
                0x0000000008005a80       0xb4 /Applications/Ac6/SystemWorkbench.app/Contents/Eclipse/plugins/fr.ac6.mcu.externaltools.arm-none.macos64_1.17.0.201812190825/tools/compiler/bin/../lib/gcc/arm-none-eabi/7.3.1/../../../../arm-none-eabi/lib/thumb/v7e-m/libc_nano.a(lib_a-nano-mallocr.o)
                0x0000000008005a80                _malloc_r
 .text._sbrk_r  0x0000000008005b34       0x20 /Applications/Ac6/SystemWorkbench.app/Contents/Eclipse/plugins/fr.ac6.mcu.externaltools.arm-none.macos64_1.17.0.201812190825/tools/compiler/bin/../lib/gcc/arm-none-eabi/7.3.1/../../../../arm-none-eabi/lib/thumb/v7e-m/libc_nano.a(lib_a-sbrkr.o)
                0x0000000008005b34                _sbrk_r
 .text.snprintf
                0x0000000008005b54       0x68 /Applications/Ac6/SystemWorkbench.app/Contents/Eclipse/plugins/fr.ac6.mcu.externaltools.arm-none.macos64_1.17.0.201812190825/tools/compiler/bin/../lib/gcc/arm-none-eabi/7.3.1/../../../../arm-none-eabi/lib/thumb/v7e-m/libc_nano.a(lib_a-snprintf.o)
                0x0000000008005b54                snprintf
                0x0000000008005b54                sniprintf
 .text.sprintf  0x0000000008005bbc       0x40 /Applications/Ac6/SystemWorkbench.app/Contents/Eclipse/plugins/fr.ac6.mcu.externaltools.arm-none.macos64_1.17.0.201812190825/tools/compiler/bin/../lib/gcc/arm-none-eabi/7.3.1/../../../../arm-none-eabi/lib/thumb/v7e-m/libc_nano.a(lib_a-sprintf.o)
                0x0000000008005bbc                sprintf
                0x0000000008005bbc                siprintf
 .text.__malloc_lock
                0x0000000008005bfc        0x2 /Applications/Ac6/SystemWorkbench.app/Contents/Eclipse/plugins/fr.ac6.mcu.externaltools.arm-none.macos64_1.17.0.201812190825/tools/compiler/bin/../lib/gcc/arm-none-eabi/7.3.1/../../../../arm-none-eabi/lib/thumb/v7e-m/libc_nano.a(lib_a-mlock.o)
                0x0000000008005bfc                __malloc_lock
 .text.__malloc_unlock
                0x0000000008005bfe        0x2 /Applications/Ac6/SystemWorkbench.app/Contents/Eclipse/plugins/fr.ac6.mcu.externaltools.arm-none.macos64_1.17.0.201812190825/tools/compiler/bin/../lib/gcc/arm-none-eabi/7.3.1/../../../../arm-none-eabi/lib/thumb/v7e-m/libc_nano.a(lib_a-mlock.o)
                0x0000000008005bfe                __malloc_unlock
 .text.__ssputs_r
                0x0000000008005c00       0xb4 /Applications/Ac6/SystemWorkbench.app/Contents/Eclipse/plugins/fr.ac6.mcu.externaltools.arm-none.macos64_1.17.0.201812190825/tools/compiler/bin/../lib/gcc/arm-none-eabi/7.3.1/../../../../arm-none-eabi/lib/thumb/v7e-m/libc_nano.a(lib_a-nano-svfprintf.o)
                0x0000000008005c00                __ssputs_r
 .text._svfprintf_r
                0x0000000008005cb4      0x1f0 /Applications/Ac6/SystemWorkbench.app/Contents/Eclipse/plugins/fr.ac6.mcu.externaltools.arm-none.macos64_1.17.0.201812190825/tools/compiler/bin/../lib/gcc/arm-none-eabi/7.3.1/../../../../arm-none-eabi/lib/thumb/v7e-m/libc_nano.a(lib_a-nano-svfprintf.o)
                0x0000000008005cb4                _svfprintf_r
                0x0000000008005cb4                _svfiprintf_r
 .text._printf_common
                0x0000000008005ea4       0xea /Applications/Ac6/SystemWorkbench.app/Contents/Eclipse/plugins/fr.ac6.mcu.externaltools.arm-none.macos64_1.17.0.201812190825/tools/compiler/bin/../lib/gcc/arm-none-eabi/7.3.1/../../../../arm-none-eabi/lib/thumb/v7e-m/libc_nano.a(lib_a-nano-vfprintf_i.o)
                0x0000000008005ea4                _printf_common
 *fill*         0x0000000008005f8e        0x2 
 .text._printf_i
                0x0000000008005f90      0x224 /Applications/Ac6/SystemWorkbench.app/Contents/Eclipse/plugins/fr.ac6.mcu.externaltools.arm-none.macos64_1.17.0.201812190825/tools/compiler/bin/../lib/gcc/arm-none-eabi/7.3.1/../../../../arm-none-eabi/lib/thumb/v7e-m/libc_nano.a(lib_a-nano-vfprintf_i.o)
                0x0000000008005f90                _printf_i
 .text.memmove  0x00000000080061b4       0x32 /Applications/Ac6/SystemWorkbench.app/Contents/Eclipse/plugins/fr.ac6.mcu.externaltools.arm-none.macos64_1.17.0.201812190825/tools/compiler/bin/../lib/gcc/arm-none-eabi/7.3.1/../../../../arm-none-eabi/lib/thumb/v7e-m/libc_nano.a(lib_a-memmove.o)
                0x00000000080061b4                memmove
 .text._realloc_r
                0x00000000080061e6       0x4c /Applications/Ac6/SystemWorkbench.app/Contents/Eclipse/plugins/fr.ac6.mcu.externaltools.arm-none.macos64_1.17.0.201812190825/tools/compiler/bin/../lib/gcc/arm-none-eabi/7.3.1/../../../../arm-none-eabi/lib/thumb/v7e-m/libc_nano.a(lib_a-nano-reallocr.o)
                0x00000000080061e6                _realloc_r
 .text._malloc_usable_size_r
                0x0000000008006232       0x10 /Applications/Ac6/SystemWorkbench.app/Contents/Eclipse/plugins/fr.ac6.mcu.externaltools.arm-none.macos64_1.17.0.201812190825/tools/compiler/bin/../lib/gcc/arm-none-eabi/7.3.1/../../../../arm-none-eabi/lib/thumb/v7e-m/libc_nano.a(lib_a-nano-msizer.o)
                0x0000000008006232                _malloc_usable_size_r
 *(.glue_7)
 .glue_7        0x0000000008006242        0x0 linker stubs
 *(.glue_7t)
 .glue_7t       0x0000000008006242        0x0 linker stubs
 *(.eh_frame)
 *fill*         0x0000000008006242        0x2 
 .eh_frame      0x0000000008006244        0x0 /Applications/Ac6/SystemWorkbench.app/Contents/Eclipse/plugins/fr.ac6.mcu.externaltools.arm-none.macos64_1.17.0.201812190825/tools/compiler/bin/../lib/gcc/arm-none-eabi/7.3.1/thumb/v7e-m/crtbegin.o
 *(.init)
 .init          0x0000000008006244        0x4 /Applications/Ac6/SystemWorkbench.app/Contents/Eclipse/plugins/fr.ac6.mcu.externaltools.arm-none.macos64_1.17.0.201812190825/tools/compiler/bin/../lib/gcc/arm-none-eabi/7.3.1/thumb/v7e-m/crti.o
                0x0000000008006244                _init
 .init          0x0000000008006248        0x8 /Applications/Ac6/SystemWorkbench.app/Contents/Eclipse/plugins/fr.ac6.mcu.externaltools.arm-none.macos64_1.17.0.201812190825/tools/compiler/bin/../lib/gcc/arm-none-eabi/7.3.1/thumb/v7e-m/crtn.o
 *(.fini)
 .fini          0x0000000008006250        0x4 /Applications/Ac6/SystemWorkbench.app/Contents/Eclipse/plugins/fr.ac6.mcu.externaltools.arm-none.macos64_1.17.0.201812190825/tools/compiler/bin/../lib/gcc/arm-none-eabi/7.3.1/thumb/v7e-m/crti.o
                0x0000000008006250                _fini
 .fini          0x0000000008006254        0x8 /Applications/Ac6/SystemWorkbench.app/Contents/Eclipse/plugins/fr.ac6.mcu.externaltools.arm-none.macos64_1.17.0.201812190825/tools/compiler/bin/../lib/gcc/arm-none-eabi/7.3.1/thumb/v7e-m/crtn.o
                0x000000000800625c                . = ALIGN (0x4)
                0x000000000800625c                _etext = .

.vfp11_veneer   0x000000000800625c        0x0
 .vfp11_veneer  0x000000000800625c        0x0 linker stubs

.v4_bx          0x000000000800625c        0x0
 .v4_bx         0x000000000800625c        0x0 linker stubs

.iplt           0x000000000800625c        0x0
 .iplt          0x000000000800625c        0x0 /Applications/Ac6/SystemWorkbench.app/Contents/Eclipse/plugins/fr.ac6.mcu.externaltools.arm-none.macos64_1.17.0.201812190825/tools/compiler/bin/../lib/gcc/arm-none-eabi/7.3.1/thumb/v7e-m/crtbegin.o

.rodata         0x000000000800625c      0x65c
                0x000000000800625c                . = ALIGN (0x4)
 *(.rodata)
 .rodata        0x000000000800625c        0xe Src/MY_NRF24.o
 *fill*         0x000000000800626a        0x2 
 .rodata        0x000000000800626c       0x18 Src/system_stm32f4xx.o
                0x000000000800626c                AHBPrescTable
                0x000000000800627c                APBPrescTable
 *(.rodata*)
 .rodata.str1.4
                0x0000000008006284      0x541 Src/MY_NRF24.o
 *fill*         0x00000000080067c5        0x3 
 .rodata.str1.4
                0x00000000080067c8       0x72 Src/main.o
 *fill*         0x000000000800683a        0x2 
 .rodata.str1.4
                0x000000000800683c       0x48 Src/usbd_desc.o
                                         0x46 (size before relaxing)
 .rodata._svfprintf_r.str1.1
                0x0000000008006884       0x11 /Applications/Ac6/SystemWorkbench.app/Contents/Eclipse/plugins/fr.ac6.mcu.externaltools.arm-none.macos64_1.17.0.201812190825/tools/compiler/bin/../lib/gcc/arm-none-eabi/7.3.1/../../../../arm-none-eabi/lib/thumb/v7e-m/libc_nano.a(lib_a-nano-svfprintf.o)
 .rodata._printf_i.str1.1
                0x0000000008006895       0x22 /Applications/Ac6/SystemWorkbench.app/Contents/Eclipse/plugins/fr.ac6.mcu.externaltools.arm-none.macos64_1.17.0.201812190825/tools/compiler/bin/../lib/gcc/arm-none-eabi/7.3.1/../../../../arm-none-eabi/lib/thumb/v7e-m/libc_nano.a(lib_a-nano-vfprintf_i.o)
                0x00000000080068b8                . = ALIGN (0x4)
 *fill*         0x00000000080068b7        0x1 

.ARM.extab
 *(.ARM.extab* .gnu.linkonce.armextab.*)

.ARM            0x00000000080068b8        0x8
                0x00000000080068b8                __exidx_start = .
 *(.ARM.exidx*)
 .ARM.exidx     0x00000000080068b8        0x8 /Applications/Ac6/SystemWorkbench.app/Contents/Eclipse/plugins/fr.ac6.mcu.externaltools.arm-none.macos64_1.17.0.201812190825/tools/compiler/bin/../lib/gcc/arm-none-eabi/7.3.1/thumb/v7e-m/libgcc.a(_udivmoddi4.o)
                0x00000000080068c0                __exidx_end = .

.rel.dyn        0x00000000080068c0        0x0
 .rel.iplt      0x00000000080068c0        0x0 /Applications/Ac6/SystemWorkbench.app/Contents/Eclipse/plugins/fr.ac6.mcu.externaltools.arm-none.macos64_1.17.0.201812190825/tools/compiler/bin/../lib/gcc/arm-none-eabi/7.3.1/thumb/v7e-m/crtbegin.o

.preinit_array  0x00000000080068c0        0x0
                0x00000000080068c0                PROVIDE (__preinit_array_start = .)
 *(.preinit_array*)
                0x00000000080068c0                PROVIDE (__preinit_array_end = .)

.init_array     0x00000000080068c0        0x4
                0x00000000080068c0                PROVIDE (__init_array_start = .)
 *(SORT_BY_NAME(.init_array.*))
 *(.init_array*)
 .init_array    0x00000000080068c0        0x4 /Applications/Ac6/SystemWorkbench.app/Contents/Eclipse/plugins/fr.ac6.mcu.externaltools.arm-none.macos64_1.17.0.201812190825/tools/compiler/bin/../lib/gcc/arm-none-eabi/7.3.1/thumb/v7e-m/crtbegin.o
                0x00000000080068c4                PROVIDE (__init_array_end = .)

.fini_array     0x00000000080068c4        0x4
                [!provide]                        PROVIDE (__fini_array_start = .)
 *(SORT_BY_NAME(.fini_array.*))
 *(.fini_array*)
 .fini_array    0x00000000080068c4        0x4 /Applications/Ac6/SystemWorkbench.app/Contents/Eclipse/plugins/fr.ac6.mcu.externaltools.arm-none.macos64_1.17.0.201812190825/tools/compiler/bin/../lib/gcc/arm-none-eabi/7.3.1/thumb/v7e-m/crtbegin.o
                [!provide]                        PROVIDE (__fini_array_end = .)
                0x00000000080068c8                _sidata = LOADADDR (.data)

.data           0x0000000020000000      0x1d8 load address 0x00000000080068c8
                0x0000000020000000                . = ALIGN (0x4)
                0x0000000020000000                _sdata = .
 *(.data)
 .data          0x0000000020000000        0x8 Drivers/STM32F4xx_HAL_Driver/Src/stm32f4xx_hal.o
                0x0000000020000000                uwTickFreq
                0x0000000020000004                uwTickPrio
 .data          0x0000000020000008      0x108 Middlewares/ST/STM32_USB_Device_Library/Class/HID/Src/usbd_hid.o
                0x00000000200000d8                USBD_HID
 .data          0x0000000020000110        0x4 Src/system_stm32f4xx.o
                0x0000000020000110                SystemCoreClock
 .data          0x0000000020000114       0x60 Src/usbd_desc.o
                0x0000000020000114                USBD_FS_DeviceDesc
                0x0000000020000128                USBD_LangIDDesc
                0x000000002000012c                USBD_FS_BOSDesc
                0x0000000020000138                USBD_StringSerial
                0x0000000020000154                FS_Desc
 *(.data*)
 .data._impure_ptr
                0x0000000020000174        0x4 /Applications/Ac6/SystemWorkbench.app/Contents/Eclipse/plugins/fr.ac6.mcu.externaltools.arm-none.macos64_1.17.0.201812190825/tools/compiler/bin/../lib/gcc/arm-none-eabi/7.3.1/../../../../arm-none-eabi/lib/thumb/v7e-m/libc_nano.a(lib_a-impure.o)
                0x0000000020000174                _impure_ptr
 .data.impure_data
                0x0000000020000178       0x60 /Applications/Ac6/SystemWorkbench.app/Contents/Eclipse/plugins/fr.ac6.mcu.externaltools.arm-none.macos64_1.17.0.201812190825/tools/compiler/bin/../lib/gcc/arm-none-eabi/7.3.1/../../../../arm-none-eabi/lib/thumb/v7e-m/libc_nano.a(lib_a-impure.o)
                0x00000000200001d8                . = ALIGN (0x4)
                0x00000000200001d8                _edata = .

.igot.plt       0x00000000200001d8        0x0 load address 0x0000000008006aa0
 .igot.plt      0x00000000200001d8        0x0 /Applications/Ac6/SystemWorkbench.app/Contents/Eclipse/plugins/fr.ac6.mcu.externaltools.arm-none.macos64_1.17.0.201812190825/tools/compiler/bin/../lib/gcc/arm-none-eabi/7.3.1/thumb/v7e-m/crtbegin.o
                0x00000000200001d8                . = ALIGN (0x4)

.bss            0x00000000200001d8      0xa64 load address 0x0000000008006aa0
                0x00000000200001d8                _sbss = .
                0x00000000200001d8                __bss_start__ = _sbss
 *(.bss)
 .bss           0x00000000200001d8       0x1c /Applications/Ac6/SystemWorkbench.app/Contents/Eclipse/plugins/fr.ac6.mcu.externaltools.arm-none.macos64_1.17.0.201812190825/tools/compiler/bin/../lib/gcc/arm-none-eabi/7.3.1/thumb/v7e-m/crtbegin.o
 .bss           0x00000000200001f4        0x1 Middlewares/ST/STM32_USB_Device_Library/Core/Src/usbd_ctlreq.o
 *fill*         0x00000000200001f5        0x3 
 .bss           0x00000000200001f8       0xb4 Src/MY_NRF24.o
 .bss           0x00000000200002ac        0x8 Src/syscalls.o
                0x00000000200002b0                __env
 *(.bss*)
 .bss.__malloc_free_list
                0x00000000200002b4        0x4 /Applications/Ac6/SystemWorkbench.app/Contents/Eclipse/plugins/fr.ac6.mcu.externaltools.arm-none.macos64_1.17.0.201812190825/tools/compiler/bin/../lib/gcc/arm-none-eabi/7.3.1/../../../../arm-none-eabi/lib/thumb/v7e-m/libc_nano.a(lib_a-nano-mallocr.o)
                0x00000000200002b4                __malloc_free_list
 .bss.__malloc_sbrk_start
                0x00000000200002b8        0x4 /Applications/Ac6/SystemWorkbench.app/Contents/Eclipse/plugins/fr.ac6.mcu.externaltools.arm-none.macos64_1.17.0.201812190825/tools/compiler/bin/../lib/gcc/arm-none-eabi/7.3.1/../../../../arm-none-eabi/lib/thumb/v7e-m/libc_nano.a(lib_a-nano-mallocr.o)
                0x00000000200002b8                __malloc_sbrk_start
 *(COMMON)
 COMMON         0x00000000200002bc        0x4 Drivers/STM32F4xx_HAL_Driver/Src/stm32f4xx_hal.o
                0x00000000200002bc                uwTick
 COMMON         0x00000000200002c0      0x370 Src/main.o
                0x00000000200002c0                hUsbDeviceFS
                0x0000000020000590                HIDBuffer
                0x0000000020000598                hspi3
                0x00000000200005f0                huart2
 COMMON         0x0000000020000630      0x408 Src/usbd_conf.o
                0x0000000020000630                hpcd_USB_OTG_FS
 COMMON         0x0000000020000a38      0x200 Src/usbd_desc.o
                0x0000000020000a38                USBD_StrDesc
 COMMON         0x0000000020000c38        0x4 /Applications/Ac6/SystemWorkbench.app/Contents/Eclipse/plugins/fr.ac6.mcu.externaltools.arm-none.macos64_1.17.0.201812190825/tools/compiler/bin/../lib/gcc/arm-none-eabi/7.3.1/../../../../arm-none-eabi/lib/thumb/v7e-m/libc_nano.a(lib_a-reent.o)
                0x0000000020000c38                errno
                0x0000000020000c3c                . = ALIGN (0x4)
                0x0000000020000c3c                _ebss = .
                0x0000000020000c3c                __bss_end__ = _ebss

._user_heap_stack
                0x0000000020000c3c      0x604 load address 0x0000000008006aa0
                0x0000000020000c40                . = ALIGN (0x8)
 *fill*         0x0000000020000c3c        0x4 
                0x0000000020000c40                PROVIDE (end = .)
                [!provide]                        PROVIDE (_end = .)
                0x0000000020000e40                . = (. + _Min_Heap_Size)
 *fill*         0x0000000020000c40      0x200 
                0x0000000020001240                . = (. + _Min_Stack_Size)
 *fill*         0x0000000020000e40      0x400 
                0x0000000020001240                . = ALIGN (0x8)

/DISCARD/
 libc.a(*)
 libm.a(*)
 libgcc.a(*)

.ARM.attributes
                0x0000000000000000       0x2a
 *(.ARM.attributes)
 .ARM.attributes
                0x0000000000000000       0x1e /Applications/Ac6/SystemWorkbench.app/Contents/Eclipse/plugins/fr.ac6.mcu.externaltools.arm-none.macos64_1.17.0.201812190825/tools/compiler/bin/../lib/gcc/arm-none-eabi/7.3.1/thumb/v7e-m/crti.o
 .ARM.attributes
                0x000000000000001e       0x2e /Applications/Ac6/SystemWorkbench.app/Contents/Eclipse/plugins/fr.ac6.mcu.externaltools.arm-none.macos64_1.17.0.201812190825/tools/compiler/bin/../lib/gcc/arm-none-eabi/7.3.1/thumb/v7e-m/crtbegin.o
 .ARM.attributes
                0x000000000000004c       0x33 Drivers/STM32F4xx_HAL_Driver/Src/stm32f4xx_hal.o
 .ARM.attributes
                0x000000000000007f       0x33 Drivers/STM32F4xx_HAL_Driver/Src/stm32f4xx_hal_cortex.o
 .ARM.attributes
                0x00000000000000b2       0x33 Drivers/STM32F4xx_HAL_Driver/Src/stm32f4xx_hal_gpio.o
 .ARM.attributes
                0x00000000000000e5       0x33 Drivers/STM32F4xx_HAL_Driver/Src/stm32f4xx_hal_pcd.o
 .ARM.attributes
                0x0000000000000118       0x33 Drivers/STM32F4xx_HAL_Driver/Src/stm32f4xx_hal_pcd_ex.o
 .ARM.attributes
                0x000000000000014b       0x33 Drivers/STM32F4xx_HAL_Driver/Src/stm32f4xx_hal_rcc.o
 .ARM.attributes
                0x000000000000017e       0x33 Drivers/STM32F4xx_HAL_Driver/Src/stm32f4xx_hal_rcc_ex.o
 .ARM.attributes
                0x00000000000001b1       0x33 Drivers/STM32F4xx_HAL_Driver/Src/stm32f4xx_hal_spi.o
 .ARM.attributes
                0x00000000000001e4       0x33 Drivers/STM32F4xx_HAL_Driver/Src/stm32f4xx_hal_uart.o
 .ARM.attributes
                0x0000000000000217       0x33 Drivers/STM32F4xx_HAL_Driver/Src/stm32f4xx_ll_usb.o
 .ARM.attributes
                0x000000000000024a       0x33 Middlewares/ST/STM32_USB_Device_Library/Class/HID/Src/usbd_hid.o
 .ARM.attributes
                0x000000000000027d       0x33 Middlewares/ST/STM32_USB_Device_Library/Core/Src/usbd_core.o
 .ARM.attributes
                0x00000000000002b0       0x33 Middlewares/ST/STM32_USB_Device_Library/Core/Src/usbd_ctlreq.o
 .ARM.attributes
                0x00000000000002e3       0x33 Middlewares/ST/STM32_USB_Device_Library/Core/Src/usbd_ioreq.o
 .ARM.attributes
                0x0000000000000316       0x33 Src/MY_NRF24.o
 .ARM.attributes
                0x0000000000000349       0x33 Src/main.o
 .ARM.attributes
                0x000000000000037c       0x33 Src/stm32f4xx_hal_msp.o
 .ARM.attributes
                0x00000000000003af       0x33 Src/stm32f4xx_it.o
 .ARM.attributes
                0x00000000000003e2       0x33 Src/syscalls.o
 .ARM.attributes
                0x0000000000000415       0x33 Src/system_stm32f4xx.o
 .ARM.attributes
                0x0000000000000448       0x33 Src/usb_device.o
 .ARM.attributes
                0x000000000000047b       0x33 Src/usbd_conf.o
 .ARM.attributes
                0x00000000000004ae       0x33 Src/usbd_desc.o
 .ARM.attributes
                0x00000000000004e1       0x21 startup/startup_stm32f446xx.o
 .ARM.attributes
                0x0000000000000502       0x1e /Applications/Ac6/SystemWorkbench.app/Contents/Eclipse/plugins/fr.ac6.mcu.externaltools.arm-none.macos64_1.17.0.201812190825/tools/compiler/bin/../lib/gcc/arm-none-eabi/7.3.1/thumb/v7e-m/libgcc.a(_aeabi_uldivmod.o)
 .ARM.attributes
                0x0000000000000520       0x2e /Applications/Ac6/SystemWorkbench.app/Contents/Eclipse/plugins/fr.ac6.mcu.externaltools.arm-none.macos64_1.17.0.201812190825/tools/compiler/bin/../lib/gcc/arm-none-eabi/7.3.1/thumb/v7e-m/libgcc.a(_udivmoddi4.o)
 .ARM.attributes
                0x000000000000054e       0x1e /Applications/Ac6/SystemWorkbench.app/Contents/Eclipse/plugins/fr.ac6.mcu.externaltools.arm-none.macos64_1.17.0.201812190825/tools/compiler/bin/../lib/gcc/arm-none-eabi/7.3.1/thumb/v7e-m/libgcc.a(_dvmd_tls.o)
 .ARM.attributes
                0x000000000000056c       0x2e /Applications/Ac6/SystemWorkbench.app/Contents/Eclipse/plugins/fr.ac6.mcu.externaltools.arm-none.macos64_1.17.0.201812190825/tools/compiler/bin/../lib/gcc/arm-none-eabi/7.3.1/../../../../arm-none-eabi/lib/thumb/v7e-m/libc_nano.a(lib_a-errno.o)
 .ARM.attributes
                0x000000000000059a       0x2e /Applications/Ac6/SystemWorkbench.app/Contents/Eclipse/plugins/fr.ac6.mcu.externaltools.arm-none.macos64_1.17.0.201812190825/tools/compiler/bin/../lib/gcc/arm-none-eabi/7.3.1/../../../../arm-none-eabi/lib/thumb/v7e-m/libc_nano.a(lib_a-impure.o)
 .ARM.attributes
                0x00000000000005c8       0x2e /Applications/Ac6/SystemWorkbench.app/Contents/Eclipse/plugins/fr.ac6.mcu.externaltools.arm-none.macos64_1.17.0.201812190825/tools/compiler/bin/../lib/gcc/arm-none-eabi/7.3.1/../../../../arm-none-eabi/lib/thumb/v7e-m/libc_nano.a(lib_a-init.o)
 .ARM.attributes
                0x00000000000005f6       0x2e /Applications/Ac6/SystemWorkbench.app/Contents/Eclipse/plugins/fr.ac6.mcu.externaltools.arm-none.macos64_1.17.0.201812190825/tools/compiler/bin/../lib/gcc/arm-none-eabi/7.3.1/../../../../arm-none-eabi/lib/thumb/v7e-m/libc_nano.a(lib_a-malloc.o)
 .ARM.attributes
                0x0000000000000624       0x2e /Applications/Ac6/SystemWorkbench.app/Contents/Eclipse/plugins/fr.ac6.mcu.externaltools.arm-none.macos64_1.17.0.201812190825/tools/compiler/bin/../lib/gcc/arm-none-eabi/7.3.1/../../../../arm-none-eabi/lib/thumb/v7e-m/libc_nano.a(lib_a-memcpy-stub.o)
 .ARM.attributes
                0x0000000000000652       0x2e /Applications/Ac6/SystemWorkbench.app/Contents/Eclipse/plugins/fr.ac6.mcu.externaltools.arm-none.macos64_1.17.0.201812190825/tools/compiler/bin/../lib/gcc/arm-none-eabi/7.3.1/../../../../arm-none-eabi/lib/thumb/v7e-m/libc_nano.a(lib_a-memset.o)
 .ARM.attributes
                0x0000000000000680       0x2e /Applications/Ac6/SystemWorkbench.app/Contents/Eclipse/plugins/fr.ac6.mcu.externaltools.arm-none.macos64_1.17.0.201812190825/tools/compiler/bin/../lib/gcc/arm-none-eabi/7.3.1/../../../../arm-none-eabi/lib/thumb/v7e-m/libc_nano.a(lib_a-nano-freer.o)
 .ARM.attributes
                0x00000000000006ae       0x2e /Applications/Ac6/SystemWorkbench.app/Contents/Eclipse/plugins/fr.ac6.mcu.externaltools.arm-none.macos64_1.17.0.201812190825/tools/compiler/bin/../lib/gcc/arm-none-eabi/7.3.1/../../../../arm-none-eabi/lib/thumb/v7e-m/libc_nano.a(lib_a-nano-mallocr.o)
 .ARM.attributes
                0x00000000000006dc       0x2e /Applications/Ac6/SystemWorkbench.app/Contents/Eclipse/plugins/fr.ac6.mcu.externaltools.arm-none.macos64_1.17.0.201812190825/tools/compiler/bin/../lib/gcc/arm-none-eabi/7.3.1/../../../../arm-none-eabi/lib/thumb/v7e-m/libc_nano.a(lib_a-sbrkr.o)
 .ARM.attributes
                0x000000000000070a       0x2e /Applications/Ac6/SystemWorkbench.app/Contents/Eclipse/plugins/fr.ac6.mcu.externaltools.arm-none.macos64_1.17.0.201812190825/tools/compiler/bin/../lib/gcc/arm-none-eabi/7.3.1/../../../../arm-none-eabi/lib/thumb/v7e-m/libc_nano.a(lib_a-snprintf.o)
 .ARM.attributes
                0x0000000000000738       0x2e /Applications/Ac6/SystemWorkbench.app/Contents/Eclipse/plugins/fr.ac6.mcu.externaltools.arm-none.macos64_1.17.0.201812190825/tools/compiler/bin/../lib/gcc/arm-none-eabi/7.3.1/../../../../arm-none-eabi/lib/thumb/v7e-m/libc_nano.a(lib_a-sprintf.o)
 .ARM.attributes
                0x0000000000000766       0x17 /Applications/Ac6/SystemWorkbench.app/Contents/Eclipse/plugins/fr.ac6.mcu.externaltools.arm-none.macos64_1.17.0.201812190825/tools/compiler/bin/../lib/gcc/arm-none-eabi/7.3.1/../../../../arm-none-eabi/lib/thumb/v7e-m/libc_nano.a(lib_a-strlen.o)
 .ARM.attributes
                0x000000000000077d       0x2e /Applications/Ac6/SystemWorkbench.app/Contents/Eclipse/plugins/fr.ac6.mcu.externaltools.arm-none.macos64_1.17.0.201812190825/tools/compiler/bin/../lib/gcc/arm-none-eabi/7.3.1/../../../../arm-none-eabi/lib/thumb/v7e-m/libc_nano.a(lib_a-mlock.o)
 .ARM.attributes
                0x00000000000007ab       0x2e /Applications/Ac6/SystemWorkbench.app/Contents/Eclipse/plugins/fr.ac6.mcu.externaltools.arm-none.macos64_1.17.0.201812190825/tools/compiler/bin/../lib/gcc/arm-none-eabi/7.3.1/../../../../arm-none-eabi/lib/thumb/v7e-m/libc_nano.a(lib_a-nano-svfprintf.o)
 .ARM.attributes
                0x00000000000007d9       0x2e /Applications/Ac6/SystemWorkbench.app/Contents/Eclipse/plugins/fr.ac6.mcu.externaltools.arm-none.macos64_1.17.0.201812190825/tools/compiler/bin/../lib/gcc/arm-none-eabi/7.3.1/../../../../arm-none-eabi/lib/thumb/v7e-m/libc_nano.a(lib_a-nano-vfprintf_i.o)
 .ARM.attributes
                0x0000000000000807       0x2e /Applications/Ac6/SystemWorkbench.app/Contents/Eclipse/plugins/fr.ac6.mcu.externaltools.arm-none.macos64_1.17.0.201812190825/tools/compiler/bin/../lib/gcc/arm-none-eabi/7.3.1/../../../../arm-none-eabi/lib/thumb/v7e-m/libc_nano.a(lib_a-reent.o)
 .ARM.attributes
                0x0000000000000835       0x1c /Applications/Ac6/SystemWorkbench.app/Contents/Eclipse/plugins/fr.ac6.mcu.externaltools.arm-none.macos64_1.17.0.201812190825/tools/compiler/bin/../lib/gcc/arm-none-eabi/7.3.1/../../../../arm-none-eabi/lib/thumb/v7e-m/libc_nano.a(lib_a-memchr.o)
 .ARM.attributes
                0x0000000000000851       0x2e /Applications/Ac6/SystemWorkbench.app/Contents/Eclipse/plugins/fr.ac6.mcu.externaltools.arm-none.macos64_1.17.0.201812190825/tools/compiler/bin/../lib/gcc/arm-none-eabi/7.3.1/../../../../arm-none-eabi/lib/thumb/v7e-m/libc_nano.a(lib_a-memmove.o)
 .ARM.attributes
                0x000000000000087f       0x2e /Applications/Ac6/SystemWorkbench.app/Contents/Eclipse/plugins/fr.ac6.mcu.externaltools.arm-none.macos64_1.17.0.201812190825/tools/compiler/bin/../lib/gcc/arm-none-eabi/7.3.1/../../../../arm-none-eabi/lib/thumb/v7e-m/libc_nano.a(lib_a-nano-reallocr.o)
 .ARM.attributes
                0x00000000000008ad       0x2e /Applications/Ac6/SystemWorkbench.app/Contents/Eclipse/plugins/fr.ac6.mcu.externaltools.arm-none.macos64_1.17.0.201812190825/tools/compiler/bin/../lib/gcc/arm-none-eabi/7.3.1/../../../../arm-none-eabi/lib/thumb/v7e-m/libc_nano.a(lib_a-nano-msizer.o)
 .ARM.attributes
                0x00000000000008db       0x1e /Applications/Ac6/SystemWorkbench.app/Contents/Eclipse/plugins/fr.ac6.mcu.externaltools.arm-none.macos64_1.17.0.201812190825/tools/compiler/bin/../lib/gcc/arm-none-eabi/7.3.1/thumb/v7e-m/crtn.o
OUTPUT(USBController.elf elf32-littlearm)

.debug_info     0x0000000000000000    0x1c76b
 .debug_info    0x0000000000000000      0xa43 Drivers/STM32F4xx_HAL_Driver/Src/stm32f4xx_hal.o
 .debug_info    0x0000000000000a43      0xfaa Drivers/STM32F4xx_HAL_Driver/Src/stm32f4xx_hal_cortex.o
 .debug_info    0x00000000000019ed      0x810 Drivers/STM32F4xx_HAL_Driver/Src/stm32f4xx_hal_gpio.o
 .debug_info    0x00000000000021fd     0x18fa Drivers/STM32F4xx_HAL_Driver/Src/stm32f4xx_hal_pcd.o
 .debug_info    0x0000000000003af7      0x822 Drivers/STM32F4xx_HAL_Driver/Src/stm32f4xx_hal_pcd_ex.o
 .debug_info    0x0000000000004319      0xad4 Drivers/STM32F4xx_HAL_Driver/Src/stm32f4xx_hal_rcc.o
 .debug_info    0x0000000000004ded      0xc34 Drivers/STM32F4xx_HAL_Driver/Src/stm32f4xx_hal_rcc_ex.o
 .debug_info    0x0000000000005a21     0x1bfb Drivers/STM32F4xx_HAL_Driver/Src/stm32f4xx_hal_spi.o
 .debug_info    0x000000000000761c     0x171d Drivers/STM32F4xx_HAL_Driver/Src/stm32f4xx_hal_uart.o
 .debug_info    0x0000000000008d39     0x1baf Drivers/STM32F4xx_HAL_Driver/Src/stm32f4xx_ll_usb.o
 .debug_info    0x000000000000a8e8     0x1343 Middlewares/ST/STM32_USB_Device_Library/Class/HID/Src/usbd_hid.o
 .debug_info    0x000000000000bc2b     0x1601 Middlewares/ST/STM32_USB_Device_Library/Core/Src/usbd_core.o
 .debug_info    0x000000000000d22c     0x1ab9 Middlewares/ST/STM32_USB_Device_Library/Core/Src/usbd_ctlreq.o
 .debug_info    0x000000000000ece5     0x10ba Middlewares/ST/STM32_USB_Device_Library/Core/Src/usbd_ioreq.o
 .debug_info    0x000000000000fd9f     0x37ab Src/MY_NRF24.o
 .debug_info    0x000000000001354a     0x2501 Src/main.o
 .debug_info    0x0000000000015a4b      0xd1d Src/stm32f4xx_hal_msp.o
 .debug_info    0x0000000000016768      0x706 Src/stm32f4xx_it.o
 .debug_info    0x0000000000016e6e      0xfd3 Src/syscalls.o
 .debug_info    0x0000000000017e41      0x58d Src/system_stm32f4xx.o
 .debug_info    0x00000000000183ce      0xecf Src/usb_device.o
 .debug_info    0x000000000001929d     0x25d5 Src/usbd_conf.o
 .debug_info    0x000000000001b872      0xed7 Src/usbd_desc.o
 .debug_info    0x000000000001c749       0x22 startup/startup_stm32f446xx.o

.debug_abbrev   0x0000000000000000     0x38f7
 .debug_abbrev  0x0000000000000000      0x1ed Drivers/STM32F4xx_HAL_Driver/Src/stm32f4xx_hal.o
 .debug_abbrev  0x00000000000001ed      0x328 Drivers/STM32F4xx_HAL_Driver/Src/stm32f4xx_hal_cortex.o
 .debug_abbrev  0x0000000000000515      0x1e7 Drivers/STM32F4xx_HAL_Driver/Src/stm32f4xx_hal_gpio.o
 .debug_abbrev  0x00000000000006fc      0x294 Drivers/STM32F4xx_HAL_Driver/Src/stm32f4xx_hal_pcd.o
 .debug_abbrev  0x0000000000000990      0x1ed Drivers/STM32F4xx_HAL_Driver/Src/stm32f4xx_hal_pcd_ex.o
 .debug_abbrev  0x0000000000000b7d      0x273 Drivers/STM32F4xx_HAL_Driver/Src/stm32f4xx_hal_rcc.o
 .debug_abbrev  0x0000000000000df0      0x212 Drivers/STM32F4xx_HAL_Driver/Src/stm32f4xx_hal_rcc_ex.o
 .debug_abbrev  0x0000000000001002      0x249 Drivers/STM32F4xx_HAL_Driver/Src/stm32f4xx_hal_spi.o
 .debug_abbrev  0x000000000000124b      0x288 Drivers/STM32F4xx_HAL_Driver/Src/stm32f4xx_hal_uart.o
 .debug_abbrev  0x00000000000014d3      0x2a8 Drivers/STM32F4xx_HAL_Driver/Src/stm32f4xx_ll_usb.o
 .debug_abbrev  0x000000000000177b      0x2c3 Middlewares/ST/STM32_USB_Device_Library/Class/HID/Src/usbd_hid.o
 .debug_abbrev  0x0000000000001a3e      0x2b9 Middlewares/ST/STM32_USB_Device_Library/Core/Src/usbd_core.o
 .debug_abbrev  0x0000000000001cf7      0x39a Middlewares/ST/STM32_USB_Device_Library/Core/Src/usbd_ctlreq.o
 .debug_abbrev  0x0000000000002091      0x224 Middlewares/ST/STM32_USB_Device_Library/Core/Src/usbd_ioreq.o
 .debug_abbrev  0x00000000000022b5      0x393 Src/MY_NRF24.o
 .debug_abbrev  0x0000000000002648      0x391 Src/main.o
 .debug_abbrev  0x00000000000029d9      0x1b1 Src/stm32f4xx_hal_msp.o
 .debug_abbrev  0x0000000000002b8a      0x193 Src/stm32f4xx_it.o
 .debug_abbrev  0x0000000000002d1d      0x2d4 Src/syscalls.o
 .debug_abbrev  0x0000000000002ff1      0x12b Src/system_stm32f4xx.o
 .debug_abbrev  0x000000000000311c      0x222 Src/usb_device.o
 .debug_abbrev  0x000000000000333e      0x2fc Src/usbd_conf.o
 .debug_abbrev  0x000000000000363a      0x2ab Src/usbd_desc.o
 .debug_abbrev  0x00000000000038e5       0x12 startup/startup_stm32f446xx.o

.debug_loc      0x0000000000000000     0xbe77
 .debug_loc     0x0000000000000000      0x11b Drivers/STM32F4xx_HAL_Driver/Src/stm32f4xx_hal.o
 .debug_loc     0x000000000000011b      0x5ce Drivers/STM32F4xx_HAL_Driver/Src/stm32f4xx_hal_cortex.o
 .debug_loc     0x00000000000006e9      0x476 Drivers/STM32F4xx_HAL_Driver/Src/stm32f4xx_hal_gpio.o
 .debug_loc     0x0000000000000b5f      0xf20 Drivers/STM32F4xx_HAL_Driver/Src/stm32f4xx_hal_pcd.o
 .debug_loc     0x0000000000001a7f       0xf8 Drivers/STM32F4xx_HAL_Driver/Src/stm32f4xx_hal_pcd_ex.o
 .debug_loc     0x0000000000001b77      0x40f Drivers/STM32F4xx_HAL_Driver/Src/stm32f4xx_hal_rcc.o
 .debug_loc     0x0000000000001f86      0xb5e Drivers/STM32F4xx_HAL_Driver/Src/stm32f4xx_hal_rcc_ex.o
 .debug_loc     0x0000000000002ae4     0x1a09 Drivers/STM32F4xx_HAL_Driver/Src/stm32f4xx_hal_spi.o
 .debug_loc     0x00000000000044ed     0x1599 Drivers/STM32F4xx_HAL_Driver/Src/stm32f4xx_hal_uart.o
 .debug_loc     0x0000000000005a86     0x1eca Drivers/STM32F4xx_HAL_Driver/Src/stm32f4xx_ll_usb.o
 .debug_loc     0x0000000000007950      0x666 Middlewares/ST/STM32_USB_Device_Library/Class/HID/Src/usbd_hid.o
 .debug_loc     0x0000000000007fb6      0x80a Middlewares/ST/STM32_USB_Device_Library/Core/Src/usbd_core.o
 .debug_loc     0x00000000000087c0     0x1325 Middlewares/ST/STM32_USB_Device_Library/Core/Src/usbd_ctlreq.o
 .debug_loc     0x0000000000009ae5      0x268 Middlewares/ST/STM32_USB_Device_Library/Core/Src/usbd_ioreq.o
 .debug_loc     0x0000000000009d4d      0xa6a Src/MY_NRF24.o
 .debug_loc     0x000000000000a7b7      0x24a Src/main.o
 .debug_loc     0x000000000000aa01       0xe8 Src/stm32f4xx_hal_msp.o
 .debug_loc     0x000000000000aae9      0x3af Src/syscalls.o
 .debug_loc     0x000000000000ae98      0x13e Src/system_stm32f4xx.o
 .debug_loc     0x000000000000afd6      0xb72 Src/usbd_conf.o
 .debug_loc     0x000000000000bb48      0x32f Src/usbd_desc.o

.debug_aranges  0x0000000000000000     0x1128
 .debug_aranges
                0x0000000000000000       0xf0 Drivers/STM32F4xx_HAL_Driver/Src/stm32f4xx_hal.o
 .debug_aranges
                0x00000000000000f0       0xa8 Drivers/STM32F4xx_HAL_Driver/Src/stm32f4xx_hal_cortex.o
 .debug_aranges
                0x0000000000000198       0x58 Drivers/STM32F4xx_HAL_Driver/Src/stm32f4xx_hal_gpio.o
 .debug_aranges
                0x00000000000001f0      0x138 Drivers/STM32F4xx_HAL_Driver/Src/stm32f4xx_hal_pcd.o
 .debug_aranges
                0x0000000000000328       0x48 Drivers/STM32F4xx_HAL_Driver/Src/stm32f4xx_hal_pcd_ex.o
 .debug_aranges
                0x0000000000000370       0x88 Drivers/STM32F4xx_HAL_Driver/Src/stm32f4xx_hal_rcc.o
 .debug_aranges
                0x00000000000003f8       0x78 Drivers/STM32F4xx_HAL_Driver/Src/stm32f4xx_hal_rcc_ex.o
 .debug_aranges
                0x0000000000000470      0x1d0 Drivers/STM32F4xx_HAL_Driver/Src/stm32f4xx_hal_spi.o
 .debug_aranges
                0x0000000000000640      0x1d0 Drivers/STM32F4xx_HAL_Driver/Src/stm32f4xx_hal_uart.o
 .debug_aranges
                0x0000000000000810      0x198 Drivers/STM32F4xx_HAL_Driver/Src/stm32f4xx_ll_usb.o
 .debug_aranges
                0x00000000000009a8       0x68 Middlewares/ST/STM32_USB_Device_Library/Class/HID/Src/usbd_hid.o
 .debug_aranges
                0x0000000000000a10       0xb8 Middlewares/ST/STM32_USB_Device_Library/Core/Src/usbd_core.o
 .debug_aranges
                0x0000000000000ac8       0x88 Middlewares/ST/STM32_USB_Device_Library/Core/Src/usbd_ctlreq.o
 .debug_aranges
                0x0000000000000b50       0x50 Middlewares/ST/STM32_USB_Device_Library/Core/Src/usbd_ioreq.o
 .debug_aranges
                0x0000000000000ba0      0x1d0 Src/MY_NRF24.o
 .debug_aranges
                0x0000000000000d70       0x80 Src/main.o
 .debug_aranges
                0x0000000000000df0       0x40 Src/stm32f4xx_hal_msp.o
 .debug_aranges
                0x0000000000000e30       0x68 Src/stm32f4xx_it.o
 .debug_aranges
                0x0000000000000e98       0xb0 Src/syscalls.o
 .debug_aranges
                0x0000000000000f48       0x28 Src/system_stm32f4xx.o
 .debug_aranges
                0x0000000000000f70       0x20 Src/usb_device.o
 .debug_aranges
                0x0000000000000f90      0x108 Src/usbd_conf.o
 .debug_aranges
                0x0000000000001098       0x68 Src/usbd_desc.o
 .debug_aranges
                0x0000000000001100       0x28 startup/startup_stm32f446xx.o

.debug_ranges   0x0000000000000000     0x1058
 .debug_ranges  0x0000000000000000       0xe0 Drivers/STM32F4xx_HAL_Driver/Src/stm32f4xx_hal.o
 .debug_ranges  0x00000000000000e0       0xf8 Drivers/STM32F4xx_HAL_Driver/Src/stm32f4xx_hal_cortex.o
 .debug_ranges  0x00000000000001d8       0x48 Drivers/STM32F4xx_HAL_Driver/Src/stm32f4xx_hal_gpio.o
 .debug_ranges  0x0000000000000220      0x128 Drivers/STM32F4xx_HAL_Driver/Src/stm32f4xx_hal_pcd.o
 .debug_ranges  0x0000000000000348       0x38 Drivers/STM32F4xx_HAL_Driver/Src/stm32f4xx_hal_pcd_ex.o
 .debug_ranges  0x0000000000000380       0x90 Drivers/STM32F4xx_HAL_Driver/Src/stm32f4xx_hal_rcc.o
 .debug_ranges  0x0000000000000410       0x80 Drivers/STM32F4xx_HAL_Driver/Src/stm32f4xx_hal_rcc_ex.o
 .debug_ranges  0x0000000000000490      0x1c0 Drivers/STM32F4xx_HAL_Driver/Src/stm32f4xx_hal_spi.o
 .debug_ranges  0x0000000000000650      0x1c0 Drivers/STM32F4xx_HAL_Driver/Src/stm32f4xx_hal_uart.o
 .debug_ranges  0x0000000000000810      0x188 Drivers/STM32F4xx_HAL_Driver/Src/stm32f4xx_ll_usb.o
 .debug_ranges  0x0000000000000998       0x58 Middlewares/ST/STM32_USB_Device_Library/Class/HID/Src/usbd_hid.o
 .debug_ranges  0x00000000000009f0       0xa8 Middlewares/ST/STM32_USB_Device_Library/Core/Src/usbd_core.o
 .debug_ranges  0x0000000000000a98       0x78 Middlewares/ST/STM32_USB_Device_Library/Core/Src/usbd_ctlreq.o
 .debug_ranges  0x0000000000000b10       0x40 Middlewares/ST/STM32_USB_Device_Library/Core/Src/usbd_ioreq.o
 .debug_ranges  0x0000000000000b50      0x1d8 Src/MY_NRF24.o
 .debug_ranges  0x0000000000000d28       0x70 Src/main.o
 .debug_ranges  0x0000000000000d98       0x30 Src/stm32f4xx_hal_msp.o
 .debug_ranges  0x0000000000000dc8       0x58 Src/stm32f4xx_it.o
 .debug_ranges  0x0000000000000e20       0xa0 Src/syscalls.o
 .debug_ranges  0x0000000000000ec0       0x18 Src/system_stm32f4xx.o
 .debug_ranges  0x0000000000000ed8       0x10 Src/usb_device.o
 .debug_ranges  0x0000000000000ee8       0xf8 Src/usbd_conf.o
 .debug_ranges  0x0000000000000fe0       0x58 Src/usbd_desc.o
 .debug_ranges  0x0000000000001038       0x20 startup/startup_stm32f446xx.o

.debug_macro    0x0000000000000000    0x25d61
 .debug_macro   0x0000000000000000      0x248 Drivers/STM32F4xx_HAL_Driver/Src/stm32f4xx_hal.o
 .debug_macro   0x0000000000000248      0xa54 Drivers/STM32F4xx_HAL_Driver/Src/stm32f4xx_hal.o
 .debug_macro   0x0000000000000c9c      0x190 Drivers/STM32F4xx_HAL_Driver/Src/stm32f4xx_hal.o
 .debug_macro   0x0000000000000e2c       0x2e Drivers/STM32F4xx_HAL_Driver/Src/stm32f4xx_hal.o
 .debug_macro   0x0000000000000e5a       0x28 Drivers/STM32F4xx_HAL_Driver/Src/stm32f4xx_hal.o
 .debug_macro   0x0000000000000e82       0x22 Drivers/STM32F4xx_HAL_Driver/Src/stm32f4xx_hal.o
 .debug_macro   0x0000000000000ea4       0x8e Drivers/STM32F4xx_HAL_Driver/Src/stm32f4xx_hal.o
 .debug_macro   0x0000000000000f32       0x51 Drivers/STM32F4xx_HAL_Driver/Src/stm32f4xx_hal.o
 .debug_macro   0x0000000000000f83       0xef Drivers/STM32F4xx_HAL_Driver/Src/stm32f4xx_hal.o
 .debug_macro   0x0000000000001072       0x6a Drivers/STM32F4xx_HAL_Driver/Src/stm32f4xx_hal.o
 .debug_macro   0x00000000000010dc      0x1df Drivers/STM32F4xx_HAL_Driver/Src/stm32f4xx_hal.o
 .debug_macro   0x00000000000012bb       0x1c Drivers/STM32F4xx_HAL_Driver/Src/stm32f4xx_hal.o
 .debug_macro   0x00000000000012d7       0x22 Drivers/STM32F4xx_HAL_Driver/Src/stm32f4xx_hal.o
 .debug_macro   0x00000000000012f9       0xdf Drivers/STM32F4xx_HAL_Driver/Src/stm32f4xx_hal.o
 .debug_macro   0x00000000000013d8     0x102d Drivers/STM32F4xx_HAL_Driver/Src/stm32f4xx_hal.o
 .debug_macro   0x0000000000002405      0x11f Drivers/STM32F4xx_HAL_Driver/Src/stm32f4xx_hal.o
 .debug_macro   0x0000000000002524    0x1672d Drivers/STM32F4xx_HAL_Driver/Src/stm32f4xx_hal.o
 .debug_macro   0x0000000000018c51       0x43 Drivers/STM32F4xx_HAL_Driver/Src/stm32f4xx_hal.o
 .debug_macro   0x0000000000018c94     0x3659 Drivers/STM32F4xx_HAL_Driver/Src/stm32f4xx_hal.o
 .debug_macro   0x000000000001c2ed      0x174 Drivers/STM32F4xx_HAL_Driver/Src/stm32f4xx_hal.o
 .debug_macro   0x000000000001c461       0x5a Drivers/STM32F4xx_HAL_Driver/Src/stm32f4xx_hal.o
 .debug_macro   0x000000000001c4bb      0xc90 Drivers/STM32F4xx_HAL_Driver/Src/stm32f4xx_hal.o
 .debug_macro   0x000000000001d14b      0x9fe Drivers/STM32F4xx_HAL_Driver/Src/stm32f4xx_hal.o
 .debug_macro   0x000000000001db49      0x16d Drivers/STM32F4xx_HAL_Driver/Src/stm32f4xx_hal.o
 .debug_macro   0x000000000001dcb6      0x117 Drivers/STM32F4xx_HAL_Driver/Src/stm32f4xx_hal.o
 .debug_macro   0x000000000001ddcd      0x1a0 Drivers/STM32F4xx_HAL_Driver/Src/stm32f4xx_hal.o
 .debug_macro   0x000000000001df6d       0x27 Drivers/STM32F4xx_HAL_Driver/Src/stm32f4xx_hal.o
 .debug_macro   0x000000000001df94      0x287 Drivers/STM32F4xx_HAL_Driver/Src/stm32f4xx_hal.o
 .debug_macro   0x000000000001e21b       0x5f Drivers/STM32F4xx_HAL_Driver/Src/stm32f4xx_hal.o
 .debug_macro   0x000000000001e27a      0x236 Drivers/STM32F4xx_HAL_Driver/Src/stm32f4xx_hal.o
 .debug_macro   0x000000000001e4b0      0x132 Drivers/STM32F4xx_HAL_Driver/Src/stm32f4xx_hal.o
 .debug_macro   0x000000000001e5e2      0x29c Drivers/STM32F4xx_HAL_Driver/Src/stm32f4xx_hal.o
 .debug_macro   0x000000000001e87e       0x2e Drivers/STM32F4xx_HAL_Driver/Src/stm32f4xx_hal.o