18:27:57 **** Incremental Build of configuration Debug for project USB_HID ****
make all 
Building file: ../Src/main.c
Invoking: MCU GCC Compiler
/Users/joseluistejada/Documents/Purdue/Year 4/Semester 2/Computer Engineering 477/ECE477/USB_HID/Debug
arm-none-eabi-gcc -mcpu=cortex-m4 -mthumb -mfloat-abi=hard -mfpu=fpv4-sp-d16 -DUSE_HAL_DRIVER -DSTM32F446xx -I"/Users/joseluistejada/Documents/Purdue/Year 4/Semester 2/Computer Engineering 477/ECE477/USB_HID/Inc" -I"/Users/joseluistejada/Documents/Purdue/Year 4/Semester 2/Computer Engineering 477/ECE477/USB_HID/Drivers/STM32F4xx_HAL_Driver/Inc" -I"/Users/joseluistejada/Documents/Purdue/Year 4/Semester 2/Computer Engineering 477/ECE477/USB_HID/Drivers/STM32F4xx_HAL_Driver/Inc/Legacy" -I"/Users/joseluistejada/Documents/Purdue/Year 4/Semester 2/Computer Engineering 477/ECE477/USB_HID/Middlewares/ST/STM32_USB_Device_Library/Core/Inc" -I"/Users/joseluistejada/Documents/Purdue/Year 4/Semester 2/Computer Engineering 477/ECE477/USB_HID/Middlewares/ST/STM32_USB_Device_Library/Class/HID/Inc" -I"/Users/joseluistejada/Documents/Purdue/Year 4/Semester 2/Computer Engineering 477/ECE477/USB_HID/Drivers/CMSIS/Device/ST/STM32F4xx/Include" -I"/Users/joseluistejada/Documents/Purdue/Year 4/Semester 2/Computer Engineering 477/ECE477/USB_HID/Drivers/CMSIS/Include"  -Og -g3 -Wall -fmessage-length=0 -ffunction-sections -c -fmessage-length=0 -MMD -MP -MF"Src/main.d" -MT"Src/main.o" -o "Src/main.o" "../Src/main.c"
Finished building: ../Src/main.c
 
Building target: USB_HID.elf
Invoking: MCU GCC Linker
arm-none-eabi-gcc -mcpu=cortex-m4 -mthumb -mfloat-abi=hard -mfpu=fpv4-sp-d16 -specs=nosys.specs -specs=nano.specs -T"../STM32F446RETx_FLASH.ld" -Wl,-Map=output.map -Wl,--gc-sections -o "USB_HID.elf" @"objects.list"   -lm
Finished building target: USB_HID.elf
 
/Library/Developer/CommandLineTools/usr/bin/make --no-print-directory post-build
Generating hex and Printing size information:
arm-none-eabi-objcopy -O ihex "USB_HID.elf" "USB_HID.hex"
arm-none-eabi-size "USB_HID.elf"
   text	   data	    bss	    dec	    hex	filename
  25428	    480	   3928	  29836	   748c	USB_HID.elf
 

18:27:58 Build Finished (took 894ms)

