11:38:38 **** Incremental Build of configuration Debug for project USBController ****
make all 
Building file: ../Src/main.c
Invoking: MCU GCC Compiler
/Users/joseluistejada/Documents/Purdue/Year 4/Semester 2/Computer Engineering 477/ECE477/USBController/Debug
arm-none-eabi-gcc -mcpu=cortex-m4 -mthumb -mfloat-abi=soft -DUSE_HAL_DRIVER -DSTM32F446xx -I"/Users/joseluistejada/Documents/Purdue/Year 4/Semester 2/Computer Engineering 477/ECE477/USBController/Inc" -I"/Users/joseluistejada/Documents/Purdue/Year 4/Semester 2/Computer Engineering 477/ECE477/USBController/Drivers/STM32F4xx_HAL_Driver/Inc" -I"/Users/joseluistejada/Documents/Purdue/Year 4/Semester 2/Computer Engineering 477/ECE477/USBController/Drivers/STM32F4xx_HAL_Driver/Inc/Legacy" -I"/Users/joseluistejada/Documents/Purdue/Year 4/Semester 2/Computer Engineering 477/ECE477/USBController/Middlewares/ST/STM32_USB_Device_Library/Core/Inc" -I"/Users/joseluistejada/Documents/Purdue/Year 4/Semester 2/Computer Engineering 477/ECE477/USBController/Middlewares/ST/STM32_USB_Device_Library/Class/HID/Inc" -I"/Users/joseluistejada/Documents/Purdue/Year 4/Semester 2/Computer Engineering 477/ECE477/USBController/Drivers/CMSIS/Device/ST/STM32F4xx/Include" -I"/Users/joseluistejada/Documents/Purdue/Year 4/Semester 2/Computer Engineering 477/ECE477/USBController/Drivers/CMSIS/Include"  -Og -g3 -Wall -fmessage-length=0 -ffunction-sections -c -fmessage-length=0 -MMD -MP -MF"Src/main.d" -MT"Src/main.o" -o "Src/main.o" "../Src/main.c"
Finished building: ../Src/main.c
 
Building target: USBController.elf
Invoking: MCU GCC Linker
arm-none-eabi-gcc -mcpu=cortex-m4 -mthumb -mfloat-abi=soft -specs=nosys.specs -specs=nano.specs -T"../STM32F446RETX_FLASH.ld" -Wl,-Map=output.map -Wl,--gc-sections -o "USBController.elf" @"objects.list"   -lm
Finished building target: USBController.elf
 
/Library/Developer/CommandLineTools/usr/bin/make --no-print-directory post-build
Generating hex and Printing size information:
arm-none-eabi-objcopy -O ihex "USBController.elf" "USBController.hex"
arm-none-eabi-size "USBController.elf"
   text	   data	    bss	    dec	    hex	filename
  25592	    480	   4016	  30088	   7588	USBController.elf
 

11:38:39 Build Finished (took 913ms)

